[    0.000000] Linux version 5.15.0-185-generic (buildd@lcy02-amd64-012) (gcc (Ubuntu 11.4.0-1ubuntu1~22.04.3) 11.4.0, GNU ld (GNU Binutils for Ubuntu) 2.38) #195-Ubuntu SMP Fri Jun 19 17:11:50 UTC 2026 (Ubuntu 5.15.0-185.195-generic 5.15.200)
[    0.000000] Command line: BOOT_IMAGE=/vmlinuz-5.15.0-185-generic root=/dev/mapper/ubuntu--vg-ubuntu--lv ro ipv6.disable=1 amd_iommu=on iommu=pt numa=off
[    0.000000] KERNEL supported cpus:
[    0.000000]   Intel GenuineIntel
[    0.000000]   AMD AuthenticAMD
[    0.000000]   Hygon HygonGenuine
[    0.000000]   Centaur CentaurHauls
[    0.000000]   zhaoxin   Shanghai  
[    0.000000] BIOS-provided physical RAM map:
[    0.000000] BIOS-e820: [mem 0x0000000000000000-0x000000000009ffff] usable
[    0.000000] BIOS-e820: [mem 0x00000000000a0000-0x00000000000fffff] reserved
[    0.000000] BIOS-e820: [mem 0x0000000000100000-0x000000006caaafff] usable
[    0.000000] BIOS-e820: [mem 0x000000006caab000-0x0000000072011fff] reserved
[    0.000000] BIOS-e820: [mem 0x0000000072012000-0x00000000720fcfff] ACPI data
[    0.000000] BIOS-e820: [mem 0x00000000720fd000-0x000000007257dfff] ACPI NVS
[    0.000000] BIOS-e820: [mem 0x000000007257e000-0x0000000075b9efff] reserved
[    0.000000] BIOS-e820: [mem 0x0000000075b9f000-0x0000000075b9ffff] usable
[    0.000000] BIOS-e820: [mem 0x0000000075ba0000-0x0000000075c48fff] ACPI NVS
[    0.000000] BIOS-e820: [mem 0x0000000075c49000-0x0000000075c9ffff] usable
[    0.000000] BIOS-e820: [mem 0x0000000075ca0000-0x0000000075ffffff] reserved
[    0.000000] BIOS-e820: [mem 0x0000000076000000-0x0000000077ffcfff] usable
[    0.000000] BIOS-e820: [mem 0x0000000077ffd000-0x000000007fffffff] reserved
[    0.000000] BIOS-e820: [mem 0x0000000090180000-0x0000000090180fff] reserved
[    0.000000] BIOS-e820: [mem 0x0000000091280000-0x0000000091280fff] reserved
[    0.000000] BIOS-e820: [mem 0x00000000b6200000-0x00000000b6400fff] reserved
[    0.000000] BIOS-e820: [mem 0x00000000b7180000-0x00000000b7180fff] reserved
[    0.000000] BIOS-e820: [mem 0x00000000d4200000-0x00000000d42fffff] reserved
[    0.000000] BIOS-e820: [mem 0x00000000d4500000-0x00000000d4500fff] reserved
[    0.000000] BIOS-e820: [mem 0x00000000e0000000-0x00000000efffffff] reserved
[    0.000000] BIOS-e820: [mem 0x00000000f2180000-0x00000000f2180fff] reserved
[    0.000000] BIOS-e820: [mem 0x00000000f3180000-0x00000000f3180fff] reserved
[    0.000000] BIOS-e820: [mem 0x00000000f8780000-0x00000000f8780fff] reserved
[    0.000000] BIOS-e820: [mem 0x00000000fea00000-0x00000000feafffff] reserved
[    0.000000] BIOS-e820: [mem 0x00000000fec00000-0x00000000fec00fff] reserved
[    0.000000] BIOS-e820: [mem 0x00000000fec10000-0x00000000fec10fff] reserved
[    0.000000] BIOS-e820: [mem 0x00000000fed00000-0x00000000fed00fff] reserved
[    0.000000] BIOS-e820: [mem 0x00000000fed40000-0x00000000fed44fff] reserved
[    0.000000] BIOS-e820: [mem 0x00000000fed80000-0x00000000fed8ffff] reserved
[    0.000000] BIOS-e820: [mem 0x00000000fedc0000-0x00000000fedc0fff] reserved
[    0.000000] BIOS-e820: [mem 0x00000000fedc2000-0x00000000fedc8fff] reserved
[    0.000000] BIOS-e820: [mem 0x00000000fee00000-0x00000000feefffff] reserved
[    0.000000] BIOS-e820: [mem 0x00000000ff000000-0x00000000ffffffff] reserved
[    0.000000] BIOS-e820: [mem 0x0000000100000000-0x000000147d8bffff] usable
[    0.000000] BIOS-e820: [mem 0x000000147d8c0000-0x000000147fffffff] reserved
[    0.000000] BIOS-e820: [mem 0x00003ffc00000000-0x00003ffc03ffffff] reserved
[    0.000000] NX (Execute Disable) protection: active
[    0.000000] e820: update [mem 0x4575d018-0x45776857] usable ==> usable
[    0.000000] e820: update [mem 0x4575d018-0x45776857] usable ==> usable
[    0.000000] e820: update [mem 0x456fd018-0x4575c457] usable ==> usable
[    0.000000] e820: update [mem 0x456fd018-0x4575c457] usable ==> usable
[    0.000000] e820: update [mem 0x4569d018-0x456fc457] usable ==> usable
[    0.000000] e820: update [mem 0x4569d018-0x456fc457] usable ==> usable
[    0.000000] e820: update [mem 0x45675018-0x4569ca57] usable ==> usable
[    0.000000] e820: update [mem 0x45675018-0x4569ca57] usable ==> usable
[    0.000000] e820: update [mem 0x4564d018-0x45674a57] usable ==> usable
[    0.000000] e820: update [mem 0x4564d018-0x45674a57] usable ==> usable
[    0.000000] e820: update [mem 0x4563c018-0x4564c057] usable ==> usable
[    0.000000] e820: update [mem 0x4563c018-0x4564c057] usable ==> usable
[    0.000000] e820: update [mem 0x45614018-0x4563ba57] usable ==> usable
[    0.000000] e820: update [mem 0x45614018-0x4563ba57] usable ==> usable
[    0.000000] e820: update [mem 0x455ec018-0x45613a57] usable ==> usable
[    0.000000] e820: update [mem 0x455ec018-0x45613a57] usable ==> usable
[    0.000000] e820: update [mem 0x455c4018-0x455eba57] usable ==> usable
[    0.000000] e820: update [mem 0x455c4018-0x455eba57] usable ==> usable
[    0.000000] e820: update [mem 0x4559c018-0x455c3a57] usable ==> usable
[    0.000000] e820: update [mem 0x4559c018-0x455c3a57] usable ==> usable
[    0.000000] e820: update [mem 0x45574018-0x4559ba57] usable ==> usable
[    0.000000] e820: update [mem 0x45574018-0x4559ba57] usable ==> usable
[    0.000000] e820: update [mem 0x4554c018-0x45573a57] usable ==> usable
[    0.000000] e820: update [mem 0x4554c018-0x45573a57] usable ==> usable
[    0.000000] extended physical RAM map:
[    0.000000] reserve setup_data: [mem 0x0000000000000000-0x000000000009ffff] usable
[    0.000000] reserve setup_data: [mem 0x00000000000a0000-0x00000000000fffff] reserved
[    0.000000] reserve setup_data: [mem 0x0000000000100000-0x000000004554c017] usable
[    0.000000] reserve setup_data: [mem 0x000000004554c018-0x0000000045573a57] usable
[    0.000000] reserve setup_data: [mem 0x0000000045573a58-0x0000000045574017] usable
[    0.000000] reserve setup_data: [mem 0x0000000045574018-0x000000004559ba57] usable
[    0.000000] reserve setup_data: [mem 0x000000004559ba58-0x000000004559c017] usable
[    0.000000] reserve setup_data: [mem 0x000000004559c018-0x00000000455c3a57] usable
[    0.000000] reserve setup_data: [mem 0x00000000455c3a58-0x00000000455c4017] usable
[    0.000000] reserve setup_data: [mem 0x00000000455c4018-0x00000000455eba57] usable
[    0.000000] reserve setup_data: [mem 0x00000000455eba58-0x00000000455ec017] usable
[    0.000000] reserve setup_data: [mem 0x00000000455ec018-0x0000000045613a57] usable
[    0.000000] reserve setup_data: [mem 0x0000000045613a58-0x0000000045614017] usable
[    0.000000] reserve setup_data: [mem 0x0000000045614018-0x000000004563ba57] usable
[    0.000000] reserve setup_data: [mem 0x000000004563ba58-0x000000004563c017] usable
[    0.000000] reserve setup_data: [mem 0x000000004563c018-0x000000004564c057] usable
[    0.000000] reserve setup_data: [mem 0x000000004564c058-0x000000004564d017] usable
[    0.000000] reserve setup_data: [mem 0x000000004564d018-0x0000000045674a57] usable
[    0.000000] reserve setup_data: [mem 0x0000000045674a58-0x0000000045675017] usable
[    0.000000] reserve setup_data: [mem 0x0000000045675018-0x000000004569ca57] usable
[    0.000000] reserve setup_data: [mem 0x000000004569ca58-0x000000004569d017] usable
[    0.000000] reserve setup_data: [mem 0x000000004569d018-0x00000000456fc457] usable
[    0.000000] reserve setup_data: [mem 0x00000000456fc458-0x00000000456fd017] usable
[    0.000000] reserve setup_data: [mem 0x00000000456fd018-0x000000004575c457] usable
[    0.000000] reserve setup_data: [mem 0x000000004575c458-0x000000004575d017] usable
[    0.000000] reserve setup_data: [mem 0x000000004575d018-0x0000000045776857] usable
[    0.000000] reserve setup_data: [mem 0x0000000045776858-0x000000006caaafff] usable
[    0.000000] reserve setup_data: [mem 0x000000006caab000-0x0000000072011fff] reserved
[    0.000000] reserve setup_data: [mem 0x0000000072012000-0x00000000720fcfff] ACPI data
[    0.000000] reserve setup_data: [mem 0x00000000720fd000-0x000000007257dfff] ACPI NVS
[    0.000000] reserve setup_data: [mem 0x000000007257e000-0x0000000075b9efff] reserved
[    0.000000] reserve setup_data: [mem 0x0000000075b9f000-0x0000000075b9ffff] usable
[    0.000000] reserve setup_data: [mem 0x0000000075ba0000-0x0000000075c48fff] ACPI NVS
[    0.000000] reserve setup_data: [mem 0x0000000075c49000-0x0000000075c9ffff] usable
[    0.000000] reserve setup_data: [mem 0x0000000075ca0000-0x0000000075ffffff] reserved
[    0.000000] reserve setup_data: [mem 0x0000000076000000-0x0000000077ffcfff] usable
[    0.000000] reserve setup_data: [mem 0x0000000077ffd000-0x000000007fffffff] reserved
[    0.000000] reserve setup_data: [mem 0x0000000090180000-0x0000000090180fff] reserved
[    0.000000] reserve setup_data: [mem 0x0000000091280000-0x0000000091280fff] reserved
[    0.000000] reserve setup_data: [mem 0x00000000b6200000-0x00000000b6400fff] reserved
[    0.000000] reserve setup_data: [mem 0x00000000b7180000-0x00000000b7180fff] reserved
[    0.000000] reserve setup_data: [mem 0x00000000d4200000-0x00000000d42fffff] reserved
[    0.000000] reserve setup_data: [mem 0x00000000d4500000-0x00000000d4500fff] reserved
[    0.000000] reserve setup_data: [mem 0x00000000e0000000-0x00000000efffffff] reserved
[    0.000000] reserve setup_data: [mem 0x00000000f2180000-0x00000000f2180fff] reserved
[    0.000000] reserve setup_data: [mem 0x00000000f3180000-0x00000000f3180fff] reserved
[    0.000000] reserve setup_data: [mem 0x00000000f8780000-0x00000000f8780fff] reserved
[    0.000000] reserve setup_data: [mem 0x00000000fea00000-0x00000000feafffff] reserved
[    0.000000] reserve setup_data: [mem 0x00000000fec00000-0x00000000fec00fff] reserved
[    0.000000] reserve setup_data: [mem 0x00000000fec10000-0x00000000fec10fff] reserved
[    0.000000] reserve setup_data: [mem 0x00000000fed00000-0x00000000fed00fff] reserved
[    0.000000] reserve setup_data: [mem 0x00000000fed40000-0x00000000fed44fff] reserved
[    0.000000] reserve setup_data: [mem 0x00000000fed80000-0x00000000fed8ffff] reserved
[    0.000000] reserve setup_data: [mem 0x00000000fedc0000-0x00000000fedc0fff] reserved
[    0.000000] reserve setup_data: [mem 0x00000000fedc2000-0x00000000fedc8fff] reserved
[    0.000000] reserve setup_data: [mem 0x00000000fee00000-0x00000000feefffff] reserved
[    0.000000] reserve setup_data: [mem 0x00000000ff000000-0x00000000ffffffff] reserved
[    0.000000] reserve setup_data: [mem 0x0000000100000000-0x000000147d8bffff] usable
[    0.000000] reserve setup_data: [mem 0x000000147d8c0000-0x000000147fffffff] reserved
[    0.000000] reserve setup_data: [mem 0x00003ffc00000000-0x00003ffc03ffffff] reserved
[    0.000000] efi: EFI v2.80 by American Megatrends
[    0.000000] efi: ACPI=0x7255c000 ACPI 2.0=0x7255c014 SMBIOS=0x73706000 SMBIOS 3.0=0x73705000 MEMATTR=0x63fdf018 ESRT=0x64049f98 MOKvar=0x737dc000 
[    0.000000] secureboot: Secure boot disabled
[    0.000000] SMBIOS 3.5.0 present.
[    0.000000] DMI: Giga Computing MZ73-LM1-000/MZ73-LM1-000, BIOS R24_F44 03/31/2026
[    0.000000] tsc: Fast TSC calibration using PIT
[    0.000000] tsc: Detected 2549.825 MHz processor
[    0.000155] e820: update [mem 0x00000000-0x00000fff] usable ==> reserved
[    0.000157] e820: remove [mem 0x000a0000-0x000fffff] usable
[    0.000172] last_pfn = 0x147d8c0 max_arch_pfn = 0x10000000000
[    0.001327] x86/PAT: Configuration [0-7]: WB  WC  UC- UC  WB  WP  UC- WT  
[    0.001840] e820: update [mem 0x80000000-0xffffffff] usable ==> reserved
[    0.001849] last_pfn = 0x77ffd max_arch_pfn = 0x10000000000
[    0.023943] esrt: Reserving ESRT space from 0x0000000064049f98 to 0x0000000064049fd0.
[    0.023950] e820: update [mem 0x64049000-0x64049fff] usable ==> reserved
[    0.023978] Using GB pages for direct mapping
[    0.024399] secureboot: Secure boot disabled
[    0.024400] RAMDISK: [mem 0x46778000-0x4e13cfff]
[    0.024407] ACPI: Early table checksum verification disabled
[    0.024411] ACPI: RSDP 0x000000007255C014 000024 (v02 GBT   )
[    0.024415] ACPI: XSDT 0x000000007255B728 0000DC (v01 GBT    GBTUACPI 03042021 AMI  01000013)
[    0.024420] ACPI: FACP 0x00000000720F9000 000114 (v06 GBT    GBTUACPI 03042021 AMI  00010013)
[    0.024425] ACPI: DSDT 0x00000000720D4000 024A3F (v02 GBT    GBTUACPI 03042021 INTL 20200717)
[    0.024428] ACPI: FACS 0x0000000072557000 000040
[    0.024430] ACPI: SSDT 0x00000000720FC000 00015D (v02 AMD    MPDMA    00000001 INTL 20200717)
[    0.024432] ACPI: SPMI 0x00000000720FB000 000041 (v05 GBT    GBTUACPI 00000000 AMI. 00000000)
[    0.024434] ACPI: SSDT 0x00000000720FA000 000065 (v02 AMD    CPMDSM   00000001 INTL 20200717)
[    0.024437] ACPI: FIDT 0x00000000720D3000 00009C (v01 GBT    GBTUACPI 03042021 AMI  00010013)
[    0.024439] ACPI: MCFG 0x00000000720D2000 00003C (v01 GBT    GBTUACPI 03042021 MSFT 00010013)
[    0.024441] ACPI: SSDT 0x00000000720D1000 0007AC (v02 GBT    CPUSSDT  03042021 AMI  03042021)
[    0.024443] ACPI: HPET 0x00000000720D0000 000038 (v01 GBT    GBTUACPI 03042021 AMI  00000005)
[    0.024445] ACPI: SSDT 0x00000000720CE000 001B78 (v02 AMD    CPMRAS   00000001 INTL 20200717)
[    0.024447] ACPI: BERT 0x00000000720CD000 000030 (v01 AMD    AMD BERT 00000001 AMD  00000001)
[    0.024449] ACPI: FPDT 0x00000000720CB000 000034 (v01 GBT    A M I    01072009 AMI  01000013)
[    0.024451] ACPI: BGRT 0x00000000720CA000 000038 (v01 GBT    GBTUACPI 03042021 AMI  00010013)
[    0.024454] ACPI: ASPT 0x00000000720C9000 000070 (v02 GBT    AmdTable 00000001 AMD  00000001)
[    0.024456] ACPI: SSDT 0x00000000720BA000 00E8A4 (v02 GBT    AmdTable 00000001 AMD  00000001)
[    0.024458] ACPI: SRAT 0x00000000720B9000 0004D0 (v03 GBT    AmdTable 00000001 AMD  00000001)
[    0.024460] ACPI: MSCT 0x00000000720B8000 000064 (v01 GBT    AmdTable 00000000 AMD  00000001)
[    0.024462] ACPI: SLIT 0x00000000720B7000 000030 (v01 GBT    AmdTable 00000001 AMD  00000001)
[    0.024464] ACPI: HMAT 0x00000000720B6000 0000E8 (v02 GBT    AmdTable 00000001 AMD  00000001)
[    0.024466] ACPI: SSDT 0x00000000720B4000 001828 (v02 AMD    CPMCMN   00000001 INTL 20200717)
[    0.024468] ACPI: WSMT 0x00000000720B3000 000028 (v01 GBT    GBTUACPI 03042021 AMI  00010013)
[    0.024470] ACPI: APIC 0x00000000720B1000 0010BC (v05 GBT    GBTUACPI 03042021 AMI  00010013)
[    0.024472] ACPI: ERST 0x00000000720B0000 000230 (v01 AMIER  AMI.ERST 00000000 AMI. 00000000)
[    0.024474] ACPI: HEST 0x000000007206F000 040A14 (v01 AMD    AMD HEST 00000001 AMD  00000001)
[    0.024476] ACPI: Reserving FACP table memory at [mem 0x720f9000-0x720f9113]
[    0.024478] ACPI: Reserving DSDT table memory at [mem 0x720d4000-0x720f8a3e]
[    0.024478] ACPI: Reserving FACS table memory at [mem 0x72557000-0x7255703f]
[    0.024479] ACPI: Reserving SSDT table memory at [mem 0x720fc000-0x720fc15c]
[    0.024480] ACPI: Reserving SPMI table memory at [mem 0x720fb000-0x720fb040]
[    0.024481] ACPI: Reserving SSDT table memory at [mem 0x720fa000-0x720fa064]
[    0.024482] ACPI: Reserving FIDT table memory at [mem 0x720d3000-0x720d309b]
[    0.024482] ACPI: Reserving MCFG table memory at [mem 0x720d2000-0x720d203b]
[    0.024483] ACPI: Reserving SSDT table memory at [mem 0x720d1000-0x720d17ab]
[    0.024484] ACPI: Reserving HPET table memory at [mem 0x720d0000-0x720d0037]
[    0.024485] ACPI: Reserving SSDT table memory at [mem 0x720ce000-0x720cfb77]
[    0.024486] ACPI: Reserving BERT table memory at [mem 0x720cd000-0x720cd02f]
[    0.024486] ACPI: Reserving FPDT table memory at [mem 0x720cb000-0x720cb033]
[    0.024487] ACPI: Reserving BGRT table memory at [mem 0x720ca000-0x720ca037]
[    0.024488] ACPI: Reserving ASPT table memory at [mem 0x720c9000-0x720c906f]
[    0.024489] ACPI: Reserving SSDT table memory at [mem 0x720ba000-0x720c88a3]
[    0.024489] ACPI: Reserving SRAT table memory at [mem 0x720b9000-0x720b94cf]
[    0.024490] ACPI: Reserving MSCT table memory at [mem 0x720b8000-0x720b8063]
[    0.024491] ACPI: Reserving SLIT table memory at [mem 0x720b7000-0x720b702f]
[    0.024492] ACPI: Reserving HMAT table memory at [mem 0x720b6000-0x720b60e7]
[    0.024493] ACPI: Reserving SSDT table memory at [mem 0x720b4000-0x720b5827]
[    0.024493] ACPI: Reserving WSMT table memory at [mem 0x720b3000-0x720b3027]
[    0.024494] ACPI: Reserving APIC table memory at [mem 0x720b1000-0x720b20bb]
[    0.024495] ACPI: Reserving ERST table memory at [mem 0x720b0000-0x720b022f]
[    0.024496] ACPI: Reserving HEST table memory at [mem 0x7206f000-0x720afa13]
[    0.024535] NUMA turned off
[    0.024536] Faking a node at [mem 0x0000000000000000-0x000000147d8bffff]
[    0.024543] NODE_DATA(0) allocated [mem 0x147d896000-0x147d8bffff]
[    0.024870] Zone ranges:
[    0.024871]   DMA      [mem 0x0000000000001000-0x0000000000ffffff]
[    0.024873]   DMA32    [mem 0x0000000001000000-0x00000000ffffffff]
[    0.024874]   Normal   [mem 0x0000000100000000-0x000000147d8bffff]
[    0.024876]   Device   empty
[    0.024877] Movable zone start for each node
[    0.024879] Early memory node ranges
[    0.024879]   node   0: [mem 0x0000000000001000-0x000000000009ffff]
[    0.024880]   node   0: [mem 0x0000000000100000-0x000000006caaafff]
[    0.024881]   node   0: [mem 0x0000000075b9f000-0x0000000075b9ffff]
[    0.024882]   node   0: [mem 0x0000000075c49000-0x0000000075c9ffff]
[    0.024883]   node   0: [mem 0x0000000076000000-0x0000000077ffcfff]
[    0.024883]   node   0: [mem 0x0000000100000000-0x000000147d8bffff]
[    0.024890] Initmem setup node 0 [mem 0x0000000000001000-0x000000147d8bffff]
[    0.024895] On node 0, zone DMA: 1 pages in unavailable ranges
[    0.024914] On node 0, zone DMA: 96 pages in unavailable ranges
[    0.026922] On node 0, zone DMA32: 37108 pages in unavailable ranges
[    0.026926] On node 0, zone DMA32: 169 pages in unavailable ranges
[    0.026970] On node 0, zone DMA32: 864 pages in unavailable ranges
[    0.136152] On node 0, zone Normal: 3 pages in unavailable ranges
[    0.136254] On node 0, zone Normal: 10048 pages in unavailable ranges
[    0.136420] ACPI: PM-Timer IO Port: 0x808
[    0.136440] ACPI: LAPIC_NMI (acpi_id[0xff] high edge lint[0x1])
[    0.136453] IOAPIC[0]: apic_id 240, version 33, address 0xfec00000, GSI 0-23
[    0.136457] IOAPIC[1]: apic_id 241, version 33, address 0xd4500000, GSI 24-55
[    0.136461] IOAPIC[2]: apic_id 242, version 33, address 0xb7180000, GSI 56-87
[    0.136465] IOAPIC[3]: apic_id 243, version 33, address 0xf8780000, GSI 88-119
[    0.136468] IOAPIC[4]: apic_id 244, version 33, address 0xf3180000, GSI 120-151
[    0.136472] IOAPIC[5]: apic_id 245, version 33, address 0xb6400000, GSI 152-183
[    0.136477] IOAPIC[6]: apic_id 246, version 33, address 0xf2180000, GSI 184-215
[    0.136481] IOAPIC[7]: apic_id 247, version 33, address 0x91280000, GSI 216-247
[    0.136485] IOAPIC[8]: apic_id 248, version 33, address 0x90180000, GSI 248-279
[    0.136488] ACPI: INT_SRC_OVR (bus 0 bus_irq 0 global_irq 2 dfl dfl)
[    0.136490] ACPI: INT_SRC_OVR (bus 0 bus_irq 4 global_irq 4 low level)
[    0.136491] ACPI: INT_SRC_OVR (bus 0 bus_irq 9 global_irq 9 low level)
[    0.136495] ACPI: Using ACPI (MADT) for SMP configuration information
[    0.136496] ACPI: HPET id: 0x10228201 base: 0xfed00000
[    0.136506] e820: update [mem 0x65bad000-0x65c04fff] usable ==> reserved
[    0.136527] smpboot: Allowing 64 CPUs, 0 hotplug CPUs
[    0.136558] PM: hibernation: Registered nosave memory: [mem 0x00000000-0x00000fff]
[    0.136560] PM: hibernation: Registered nosave memory: [mem 0x000a0000-0x000fffff]
[    0.136562] PM: hibernation: Registered nosave memory: [mem 0x64049000-0x64049fff]
[    0.136563] PM: hibernation: Registered nosave memory: [mem 0x65bad000-0x65c04fff]
[    0.136565] PM: hibernation: Registered nosave memory: [mem 0x6caab000-0x75b9efff]
[    0.136566] PM: hibernation: Registered nosave memory: [mem 0x75ba0000-0x75c48fff]
[    0.136567] PM: hibernation: Registered nosave memory: [mem 0x75ca0000-0x75ffffff]
[    0.136569] PM: hibernation: Registered nosave memory: [mem 0x77ffd000-0xffffffff]
[    0.136571] [mem 0x91281000-0xb61fffff] available for PCI devices
[    0.136572] Booting paravirtualized kernel on bare hardware
[    0.136574] clocksource: refined-jiffies: mask: 0xffffffff max_cycles: 0xffffffff, max_idle_ns: 7645519600211568 ns
[    0.136583] setup_percpu: NR_CPUS:8192 nr_cpumask_bits:64 nr_cpu_ids:64 nr_node_ids:1
[    0.139332] percpu: Embedded 62 pages/cpu s217088 r8192 d28672 u262144
[    0.139346] pcpu-alloc: s217088 r8192 d28672 u262144 alloc=1*2097152
[    0.139348] pcpu-alloc: [0] 00 01 02 03 04 05 06 07 [0] 08 09 10 11 12 13 14 15 
[    0.139355] pcpu-alloc: [0] 16 17 18 19 20 21 22 23 [0] 24 25 26 27 28 29 30 31 
[    0.139361] pcpu-alloc: [0] 32 33 34 35 36 37 38 39 [0] 40 41 42 43 44 45 46 47 
[    0.139366] pcpu-alloc: [0] 48 49 50 51 52 53 54 55 [0] 56 57 58 59 60 61 62 63 
[    0.139407] Built 1 zonelists, mobility grouping on.  Total pages: 20563889
[    0.139409] Policy zone: Normal
[    0.139410] Kernel command line: BOOT_IMAGE=/vmlinuz-5.15.0-185-generic root=/dev/mapper/ubuntu--vg-ubuntu--lv ro ipv6.disable=1 amd_iommu=on iommu=pt numa=off
[    0.139471] printk: log_buf_len individual max cpu contribution: 4096 bytes
[    0.139472] printk: log_buf_len total cpu_extra contributions: 258048 bytes
[    0.139473] printk: log_buf_len min size: 262144 bytes
[    0.139744] printk: log_buf_len: 524288 bytes
[    0.139745] printk: early log buf free: 242264(92%)
[    0.141602] Dentry cache hash table entries: 8388608 (order: 14, 67108864 bytes, linear)
[    0.142533] Inode-cache hash table entries: 4194304 (order: 13, 33554432 bytes, linear)
[    0.143002] mem auto-init: stack:off, heap alloc:on, heap free:off
[    0.274935] Memory: 81650556K/83561852K available (16393K kernel code, 4401K rwdata, 11000K rodata, 3292K init, 18768K bss, 1911092K reserved, 0K cma-reserved)
[    0.275416] SLUB: HWalign=64, Order=0-3, MinObjects=0, CPUs=64, Nodes=1
[    0.275459] ftrace: allocating 50903 entries in 199 pages
[    0.294001] ftrace: allocated 199 pages with 5 groups
[    0.294236] rcu: Hierarchical RCU implementation.
[    0.294237] rcu: 	RCU restricting CPUs from NR_CPUS=8192 to nr_cpu_ids=64.
[    0.294238] 	Rude variant of Tasks RCU enabled.
[    0.294239] 	Tracing variant of Tasks RCU enabled.
[    0.294240] rcu: RCU calculated value of scheduler-enlistment delay is 25 jiffies.
[    0.294241] rcu: Adjusting geometry for rcu_fanout_leaf=16, nr_cpu_ids=64
[    0.297587] NR_IRQS: 524544, nr_irqs: 5288, preallocated irqs: 16
[    0.297796] random: crng init done
[    0.297848] Console: colour dummy device 80x25
[    0.298058] printk: console [tty0] enabled
[    0.298093] ACPI: Core revision 20210730
[    0.298323] clocksource: hpet: mask: 0xffffffff max_cycles: 0xffffffff, max_idle_ns: 133484873504 ns
[    0.298340] APIC: Switch to symmetric I/O mode setup
[    0.298344] Switched APIC routing to physical flat.
[    0.299750] ..TIMER: vector=0x30 apic1=0 pin1=2 apic2=-1 pin2=-1
[    0.318344] clocksource: tsc-early: mask: 0xffffffffffffffff max_cycles: 0x24c115b62e5, max_idle_ns: 440795299777 ns
[    0.318354] Calibrating delay loop (skipped), value calculated using timer frequency.. 5099.65 BogoMIPS (lpj=10199300)
[    0.318371] x86/cpu: User Mode Instruction Prevention (UMIP) activated
[    0.318483] LVT offset 2 assigned for vector 0xf4
[    0.318521] Last level iTLB entries: 4KB 512, 2MB 512, 4MB 256
[    0.318523] Last level dTLB entries: 4KB 3072, 2MB 3072, 4MB 1536, 1GB 0
[    0.318526] Spectre V1 : Mitigation: usercopy/swapgs barriers and __user pointer sanitization
[    0.318529] Spectre V2 : Mitigation: Enhanced / Automatic IBRS
[    0.318532] Spectre V2 : mitigation: Enabling conditional Indirect Branch Prediction Barrier
[    0.318534] Speculative Store Bypass: Mitigation: Speculative Store Bypass disabled via prctl and seccomp
[    0.318539] Speculative Return Stack Overflow: IBPB-extending microcode not applied!
[    0.318540] Speculative Return Stack Overflow: WARNING: See https://kernel.org/doc/html/latest/admin-guide/hw-vuln/srso.html for mitigation options.
[    0.318541] active return thunk: srso_alias_return_thunk
[    0.318547] Speculative Return Stack Overflow: Mitigation: safe RET, no microcode
[    0.318549] Transient Scheduler Attacks: Vulnerable: Clear CPU buffers attempted, no microcode
[    0.318551] VMSCAPE: Mitigation: IBPB before exit to userspace
[    0.318560] x86/fpu: Supporting XSAVE feature 0x001: 'x87 floating point registers'
[    0.318562] x86/fpu: Supporting XSAVE feature 0x002: 'SSE registers'
[    0.318563] x86/fpu: Supporting XSAVE feature 0x004: 'AVX registers'
[    0.318565] x86/fpu: Supporting XSAVE feature 0x020: 'AVX-512 opmask'
[    0.318566] x86/fpu: Supporting XSAVE feature 0x040: 'AVX-512 Hi256'
[    0.318567] x86/fpu: Supporting XSAVE feature 0x080: 'AVX-512 ZMM_Hi256'
[    0.318568] x86/fpu: Supporting XSAVE feature 0x200: 'Protection Keys User registers'
[    0.318572] x86/fpu: xstate_offset[2]:  576, xstate_sizes[2]:  256
[    0.318574] x86/fpu: xstate_offset[5]:  832, xstate_sizes[5]:   64
[    0.318575] x86/fpu: xstate_offset[6]:  896, xstate_sizes[6]:  512
[    0.318577] x86/fpu: xstate_offset[7]: 1408, xstate_sizes[7]: 1024
[    0.318578] x86/fpu: xstate_offset[9]: 2432, xstate_sizes[9]:    8
[    0.318579] x86/fpu: Enabled xstate features 0x2e7, context size is 2440 bytes, using 'compacted' format.
[    0.343984] Freeing SMP alternatives memory: 44K
[    0.343989] pid_max: default: 65536 minimum: 512
[    0.349419] LSM: Security Framework initializing
[    0.349437] landlock: Up and running.
[    0.349440] Yama: becoming mindful.
[    0.349464] AppArmor: AppArmor initialized
[    0.349557] Mount-cache hash table entries: 131072 (order: 8, 1048576 bytes, linear)
[    0.349600] Mountpoint-cache hash table entries: 131072 (order: 8, 1048576 bytes, linear)
[    0.458168] smpboot: CPU0: AMD Eng Sample: 100-000000897-03 (family: 0x19, model: 0x11, stepping: 0x0)
[    0.458351] Performance Events: Fam17h+ core perfctr, AMD PMU driver.
[    0.458351] ... version:                0
[    0.458351] ... bit width:              48
[    0.458351] ... generic registers:      6
[    0.458351] ... value mask:             0000ffffffffffff
[    0.458351] ... max period:             00007fffffffffff
[    0.458351] ... fixed-purpose events:   0
[    0.458351] ... event mask:             000000000000003f
[    0.458351] signal: max sigframe size: 3376
[    0.458351] rcu: Hierarchical SRCU implementation.
[    0.458351] NMI watchdog: Enabled. Permanently consumes one hw-PMU counter.
[    0.458351] smp: Bringing up secondary CPUs ...
[    0.458351] x86: Booting SMP configuration:
[    0.458351] .... node  #0, CPUs:        #1  #2  #3  #4  #5  #6  #7  #8  #9 #10 #11 #12 #13 #14 #15 #16 #17 #18 #19 #20 #21 #22 #23 #24 #25 #26 #27 #28 #29 #30 #31 #32 #33 #34 #35 #36 #37 #38 #39 #40 #41 #42 #43 #44 #45 #46 #47 #48 #49 #50 #51 #52 #53 #54 #55 #56 #57 #58 #59 #60 #61 #62 #63
[    0.642412] smp: Brought up 1 node, 64 CPUs
[    0.642426] smpboot: Max logical packages: 2
[    0.642431] smpboot: Total of 64 processors activated (325324.86 BogoMIPS)
[    0.654171] devtmpfs: initialized
[    0.654395] x86/mm: Memory block size: 2048MB
[    0.655170] ACPI: PM: Registering ACPI NVS region [mem 0x720fd000-0x7257dfff] (4722688 bytes)
[    0.655170] ACPI: PM: Registering ACPI NVS region [mem 0x75ba0000-0x75c48fff] (692224 bytes)
[    0.655170] clocksource: jiffies: mask: 0xffffffff max_cycles: 0xffffffff, max_idle_ns: 7645041785100000 ns
[    0.655170] futex hash table entries: 16384 (order: 8, 1048576 bytes, linear)
[    0.655170] pinctrl core: initialized pinctrl subsystem
[    0.655170] PM: RTC time: 11:48:37, date: 2026-07-03
[    0.655170] NET: Registered PF_NETLINK/PF_ROUTE protocol family
[    0.655462] DMA: preallocated 4096 KiB GFP_KERNEL pool for atomic allocations
[    0.655617] DMA: preallocated 4096 KiB GFP_KERNEL|GFP_DMA pool for atomic allocations
[    0.655764] DMA: preallocated 4096 KiB GFP_KERNEL|GFP_DMA32 pool for atomic allocations
[    0.655777] audit: initializing netlink subsys (disabled)
[    0.655808] audit: type=2000 audit(1783079317.356:1): state=initialized audit_enabled=0 res=1
[    0.655808] thermal_sys: Registered thermal governor 'fair_share'
[    0.655808] thermal_sys: Registered thermal governor 'bang_bang'
[    0.655808] thermal_sys: Registered thermal governor 'step_wise'
[    0.655808] thermal_sys: Registered thermal governor 'user_space'
[    0.655808] thermal_sys: Registered thermal governor 'power_allocator'
[    0.655808] cpuidle: using governor ladder
[    0.655808] cpuidle: using governor menu
[    0.658431] ACPI: bus type PCI registered
[    0.658436] acpiphp: ACPI Hot Plug PCI Controller Driver version: 0.5
[    0.658536] PCI: MMCONFIG for domain 0000 [bus 00-ff] at [mem 0xe0000000-0xefffffff] (base 0xe0000000)
[    0.658545] PCI: MMCONFIG at [mem 0xe0000000-0xefffffff] reserved in E820
[    0.658563] PCI: Using configuration type 1 for base access
[    0.662983] kprobes: kprobe jump-optimization is enabled. All kprobes are optimized if possible.
[    0.662991] HugeTLB registered 1.00 GiB page size, pre-allocated 0 pages
[    0.662991] HugeTLB registered 2.00 MiB page size, pre-allocated 0 pages
[    0.662991] fbcon: Taking over console
[    0.662991] ACPI: Added _OSI(Module Device)
[    0.662991] ACPI: Added _OSI(Processor Device)
[    0.662991] ACPI: Added _OSI(Processor Aggregator Device)
[    0.662991] ACPI: Added _OSI(Linux-Dell-Video)
[    0.662991] ACPI: Added _OSI(Linux-Lenovo-NV-HDMI-Audio)
[    0.662991] ACPI: Added _OSI(Linux-HPI-Hybrid-Graphics)
[    0.704391] ACPI: 7 ACPI AML tables successfully acquired and loaded
[    0.714379] ACPI: Interpreter enabled
[    0.714399] ACPI: PM: (supports S0 S5)
[    0.714402] ACPI: Using IOAPIC for interrupt routing
[    0.797370] HEST: Table parsing has been initialized.
[    0.824784] GHES: APEI firmware first mode is enabled by APEI bit.
[    0.824793] PCI: Using host bridge windows from ACPI; if necessary, use "pci=nocrs" and report a bug
[    0.824797] PCI: Using E820 reservations for host bridge windows
[    0.826491] ACPI: Enabled 2 GPEs in block 00 to 1F
[    0.828961] ACPI: PM: Power Resource [P0SA]
[    0.828992] ACPI: PM: Power Resource [P3SA]
[    0.829665] ACPI: PM: Power Resource [P0SA]
[    0.829696] ACPI: PM: Power Resource [P3SA]
[    0.833744] ACPI: PM: Power Resource [P0SA]
[    0.833775] ACPI: PM: Power Resource [P3SA]
[    0.834405] ACPI: PM: Power Resource [P0SA]
[    0.834433] ACPI: PM: Power Resource [P3SA]
[    0.842314] ACPI: PM: Power Resource [P0SA]
[    0.842343] ACPI: PM: Power Resource [P3SA]
[    0.842989] ACPI: PM: Power Resource [P0SA]
[    0.843018] ACPI: PM: Power Resource [P3SA]
[    0.846593] ACPI: PM: Power Resource [P0SA]
[    0.846624] ACPI: PM: Power Resource [P3SA]
[    0.847253] ACPI: PM: Power Resource [P0SA]
[    0.847281] ACPI: PM: Power Resource [P3SA]
[    0.861923] ACPI: PCI Root Bridge [S0D0] (domain 0000 [bus 60-7f])
[    0.861933] acpi PNP0A08:00: _OSC: OS supports [ExtendedConfig ASPM ClockPM Segments MSI EDR HPX-Type3]
[    0.862392] acpi PNP0A08:00: _OSC: platform does not support [LTR DPC]
[    0.862827] acpi PNP0A08:00: _OSC: OS now controls [PCIeHotplug SHPCHotplug PME AER PCIeCapability]
[    0.863265] PCI host bridge to bus 0000:60
[    0.863269] pci_bus 0000:60: root bus resource [io  0x6000-0x7fff window]
[    0.863273] pci_bus 0000:60: root bus resource [mem 0xcc000000-0xd3ffffff window]
[    0.863277] pci_bus 0000:60: root bus resource [mem 0x10020200000-0x300201fffff window]
[    0.863281] pci_bus 0000:60: root bus resource [bus 60-7f]
[    0.863331] pci 0000:60:00.0: [1022:14a4] type 00 class 0x060000
[    0.863525] pci 0000:60:00.3: [1022:14a6] type 00 class 0x080700
[    0.864286] pci 0000:60:00.3: enabling Extended Tags
[    0.864505] pci 0000:60:01.0: [1022:149f] type 00 class 0x060000
[    0.864683] pci 0000:60:01.3: [1022:14ab] type 01 class 0x060400
[    0.864708] pci 0000:60:01.3: enabling Extended Tags
[    0.864761] pci 0000:60:01.3: PME# supported from D0 D3hot D3cold
[    0.865274] pci 0000:60:02.0: [1022:149f] type 00 class 0x060000
[    0.865411] pci 0000:60:03.0: [1022:149f] type 00 class 0x060000
[    0.865545] pci 0000:60:04.0: [1022:149f] type 00 class 0x060000
[    0.865679] pci 0000:60:05.0: [1022:149f] type 00 class 0x060000
[    0.865855] pci 0000:60:05.2: [1022:14aa] type 01 class 0x060400
[    0.865887] pci 0000:60:05.2: enabling Extended Tags
[    0.865940] pci 0000:60:05.2: PME# supported from D0 D3hot D3cold
[    0.866087] pci 0000:60:07.0: [1022:149f] type 00 class 0x060000
[    0.866257] pci 0000:60:07.1: [1022:14a7] type 01 class 0x060400
[    0.866279] pci 0000:60:07.1: enabling Extended Tags
[    0.866323] pci 0000:60:07.1: PME# supported from D0 D3hot D3cold
[    0.866508] pci 0000:60:07.2: [1022:14a7] type 01 class 0x060400
[    0.866531] pci 0000:60:07.2: enabling Extended Tags
[    0.866573] pci 0000:60:07.2: PME# supported from D0 D3hot D3cold
[    0.866760] pci 0000:61:00.0: [126f:2268] type 00 class 0x010802
[    0.866795] pci 0000:61:00.0: reg 0x10: [mem 0xd0400000-0xd0403fff 64bit]
[    0.867038] pci 0000:61:00.0: 31.504 Gb/s available PCIe bandwidth, limited by 8.0 GT/s PCIe x4 link at 0000:60:01.3 (capable of 63.012 Gb/s with 16.0 GT/s PCIe x4 link)
[    0.867268] pci 0000:60:01.3: PCI bridge to [bus 61]
[    0.867275] pci 0000:60:01.3:   bridge window [mem 0xd0400000-0xd04fffff]
[    0.868241] pci 0000:62:00.0: [1a03:1150] type 01 class 0x060400
[    0.868303] pci 0000:62:00.0: enabling Extended Tags
[    0.868389] pci 0000:62:00.0: supports D1 D2
[    0.868392] pci 0000:62:00.0: PME# supported from D0 D1 D2 D3hot D3cold
[    0.868519] pci 0000:60:05.2: PCI bridge to [bus 62-63]
[    0.868525] pci 0000:60:05.2:   bridge window [io  0x7000-0x7fff]
[    0.868530] pci 0000:60:05.2:   bridge window [mem 0xcc000000-0xd00fffff]
[    0.868577] pci_bus 0000:63: extended config space not accessible
[    0.868604] pci 0000:63:00.0: [1a03:2000] type 00 class 0x030000
[    0.868665] pci 0000:63:00.0: reg 0x10: [mem 0xcc000000-0xcfffffff]
[    0.868670] pci 0000:63:00.0: reg 0x14: [mem 0xd0000000-0xd003ffff]
[    0.868675] pci 0000:63:00.0: reg 0x18: [io  0x7000-0x707f]
[    0.868694] pci 0000:63:00.0: BAR 0: assigned to efifb
[    0.868736] pci 0000:63:00.0: supports D1 D2
[    0.868738] pci 0000:63:00.0: PME# supported from D0 D1 D2 D3hot D3cold
[    0.868841] pci 0000:62:00.0: PCI bridge to [bus 63]
[    0.868849] pci 0000:62:00.0:   bridge window [io  0x7000-0x7fff]
[    0.868855] pci 0000:62:00.0:   bridge window [mem 0xcc000000-0xd00fffff]
[    0.869023] pci 0000:64:00.0: [1022:14ac] type 00 class 0x130000
[    0.869049] pci 0000:64:00.0: enabling Extended Tags
[    0.869204] pci 0000:64:00.1: [1022:14dc] type 00 class 0x088000
[    0.869225] pci 0000:64:00.1: reg 0x10: [mem 0x30020180000-0x300201fffff 64bit pref]
[    0.869230] pci 0000:64:00.1: reg 0x18: [mem 0x30020100000-0x3002017ffff 64bit pref]
[    0.869238] pci 0000:64:00.1: enabling Extended Tags
[    0.869388] pci 0000:64:00.4: [1022:14c9] type 00 class 0x0c0330
[    0.869410] pci 0000:64:00.4: reg 0x10: [mem 0xd0300000-0xd03fffff 64bit]
[    0.869419] pci 0000:64:00.4: enabling Extended Tags
[    0.869450] pci 0000:64:00.4: PME# supported from D0 D3hot D3cold
[    0.869534] pci 0000:60:07.1: ASPM: current common clock configuration is inconsistent, reconfiguring
[    0.870117] pci 0000:60:07.1: PCI bridge to [bus 64]
[    0.870123] pci 0000:60:07.1:   bridge window [mem 0xd0300000-0xd03fffff]
[    0.870128] pci 0000:60:07.1:   bridge window [mem 0x30020100000-0x300201fffff 64bit pref]
[    0.870215] pci 0000:65:00.0: [1022:7901] type 00 class 0x010601
[    0.870239] pci 0000:65:00.0: reg 0x24: [mem 0xd0200000-0xd02007ff]
[    0.870246] pci 0000:65:00.0: enabling Extended Tags
[    0.870281] pci 0000:65:00.0: PME# supported from D3hot D3cold
[    0.870385] pci 0000:60:07.2: PCI bridge to [bus 65]
[    0.870392] pci 0000:60:07.2:   bridge window [mem 0xd0200000-0xd02fffff]
[    0.871416] ACPI: PCI Root Bridge [S0D1] (domain 0000 [bus 40-5f])
[    0.871422] acpi PNP0A08:01: _OSC: OS supports [ExtendedConfig ASPM ClockPM Segments MSI EDR HPX-Type3]
[    0.871875] acpi PNP0A08:01: _OSC: platform does not support [LTR DPC]
[    0.872311] acpi PNP0A08:01: _OSC: OS now controls [PCIeHotplug SHPCHotplug PME AER PCIeCapability]
[    0.872704] PCI host bridge to bus 0000:40
[    0.872707] pci_bus 0000:40: root bus resource [io  0x4000-0x5fff window]
[    0.872711] pci_bus 0000:40: root bus resource [mem 0xb8000000-0xc99fffff window]
[    0.872715] pci_bus 0000:40: root bus resource [mem 0x30050200000-0x500501fffff window]
[    0.872719] pci_bus 0000:40: root bus resource [bus 40-5f]
[    0.872757] pci 0000:40:00.0: [1022:14a4] type 00 class 0x060000
[    0.872909] pci 0000:40:00.3: [1022:14a6] type 00 class 0x080700
[    0.872948] pci 0000:40:00.3: enabling Extended Tags
[    0.874079] pci 0000:40:01.0: [1022:149f] type 00 class 0x060000
[    0.874231] pci 0000:40:01.1: [1022:14ab] type 01 class 0x060400
[    0.874305] pci 0000:40:01.1: PME# supported from D0 D3hot D3cold
[    0.874844] pci 0000:40:01.3: [1022:14ab] type 01 class 0x060400
[    0.874919] pci 0000:40:01.3: PME# supported from D0 D3hot D3cold
[    0.875413] pci 0000:40:02.0: [1022:149f] type 00 class 0x060000
[    0.875531] pci 0000:40:03.0: [1022:149f] type 00 class 0x060000
[    0.875647] pci 0000:40:04.0: [1022:149f] type 00 class 0x060000
[    0.875768] pci 0000:40:05.0: [1022:149f] type 00 class 0x060000
[    0.875885] pci 0000:40:07.0: [1022:149f] type 00 class 0x060000
[    0.876029] pci 0000:40:07.1: [1022:14a7] type 01 class 0x060400
[    0.876051] pci 0000:40:07.1: enabling Extended Tags
[    0.876094] pci 0000:40:07.1: PME# supported from D0 D3hot D3cold
[    0.876278] pci 0000:41:00.0: [10de:2d04] type 00 class 0x030000
[    0.876304] pci 0000:41:00.0: reg 0x10: [mem 0xc4000000-0xc7ffffff]
[    0.876309] pci 0000:41:00.0: reg 0x14: [mem 0x4fc00000000-0x4ffffffffff 64bit pref]
[    0.876314] pci 0000:41:00.0: reg 0x1c: [mem 0x50000000000-0x50001ffffff 64bit pref]
[    0.876319] pci 0000:41:00.0: reg 0x24: [io  0x5000-0x507f]
[    0.876323] pci 0000:41:00.0: reg 0x30: [mem 0xc8000000-0xc807ffff pref]
[    0.876456] pci 0000:41:00.0: Enabling HDA controller
[    0.876501] pci 0000:41:00.0: PME# supported from D0 D3hot
[    0.876534] pci 0000:41:00.0: reg 0x274: [mem 0x00000000-0x0003ffff 64bit pref]
[    0.876538] pci 0000:41:00.0: VF(n) BAR0 space: [mem 0x00000000-0x0003ffff 64bit pref] (contains BAR0 for 1 VFs)
[    0.876544] pci 0000:41:00.0: reg 0x27c: [mem 0x00000000-0x0fffffff 64bit pref]
[    0.876548] pci 0000:41:00.0: VF(n) BAR2 space: [mem 0x00000000-0x0fffffff 64bit pref] (contains BAR2 for 1 VFs)
[    0.876553] pci 0000:41:00.0: reg 0x284: [mem 0x00000000-0x01ffffff 64bit pref]
[    0.876557] pci 0000:41:00.0: VF(n) BAR4 space: [mem 0x00000000-0x01ffffff 64bit pref] (contains BAR4 for 1 VFs)
[    0.876612] pci 0000:41:00.0: 126.024 Gb/s available PCIe bandwidth, limited by 16.0 GT/s PCIe x8 link at 0000:40:01.1 (capable of 504.112 Gb/s with 32.0 GT/s PCIe x16 link)
[    0.876682] pci 0000:41:00.1: [10de:22eb] type 00 class 0x040300
[    0.876707] pci 0000:41:00.1: reg 0x10: [mem 0xc8080000-0xc8083fff]
[    0.876916] pci 0000:40:01.1: PCI bridge to [bus 41]
[    0.876921] pci 0000:40:01.1:   bridge window [io  0x5000-0x5fff]
[    0.876926] pci 0000:40:01.1:   bridge window [mem 0xc4000000-0xc80fffff]
[    0.876931] pci 0000:40:01.1:   bridge window [mem 0x4fc00000000-0x50001ffffff 64bit pref]
[    0.877903] pci 0000:42:00.0: [10de:2d04] type 00 class 0x030000
[    0.877929] pci 0000:42:00.0: reg 0x10: [mem 0xbc000000-0xbfffffff]
[    0.877934] pci 0000:42:00.0: reg 0x14: [mem 0x4f400000000-0x4f7ffffffff 64bit pref]
[    0.877939] pci 0000:42:00.0: reg 0x1c: [mem 0x4f800000000-0x4f801ffffff 64bit pref]
[    0.877943] pci 0000:42:00.0: reg 0x24: [io  0x4000-0x407f]
[    0.877947] pci 0000:42:00.0: reg 0x30: [mem 0xc0000000-0xc007ffff pref]
[    0.878073] pci 0000:42:00.0: Enabling HDA controller
[    0.878117] pci 0000:42:00.0: PME# supported from D0 D3hot
[    0.878150] pci 0000:42:00.0: reg 0x274: [mem 0x00000000-0x0003ffff 64bit pref]
[    0.878154] pci 0000:42:00.0: VF(n) BAR0 space: [mem 0x00000000-0x0003ffff 64bit pref] (contains BAR0 for 1 VFs)
[    0.878159] pci 0000:42:00.0: reg 0x27c: [mem 0x00000000-0x0fffffff 64bit pref]
[    0.878163] pci 0000:42:00.0: VF(n) BAR2 space: [mem 0x00000000-0x0fffffff 64bit pref] (contains BAR2 for 1 VFs)
[    0.878168] pci 0000:42:00.0: reg 0x284: [mem 0x00000000-0x01ffffff 64bit pref]
[    0.878172] pci 0000:42:00.0: VF(n) BAR4 space: [mem 0x00000000-0x01ffffff 64bit pref] (contains BAR4 for 1 VFs)
[    0.878226] pci 0000:42:00.0: 126.024 Gb/s available PCIe bandwidth, limited by 16.0 GT/s PCIe x8 link at 0000:40:01.3 (capable of 504.112 Gb/s with 32.0 GT/s PCIe x16 link)
[    0.878295] pci 0000:42:00.1: [10de:22eb] type 00 class 0x040300
[    0.878319] pci 0000:42:00.1: reg 0x10: [mem 0xc0080000-0xc0083fff]
[    0.878530] pci 0000:40:01.3: PCI bridge to [bus 42]
[    0.878535] pci 0000:40:01.3:   bridge window [io  0x4000-0x4fff]
[    0.878539] pci 0000:40:01.3:   bridge window [mem 0xbc000000-0xc00fffff]
[    0.878545] pci 0000:40:01.3:   bridge window [mem 0x4f400000000-0x4f801ffffff 64bit pref]
[    0.878655] pci 0000:43:00.0: [1022:14ac] type 00 class 0x130000
[    0.878681] pci 0000:43:00.0: enabling Extended Tags
[    0.878822] pci 0000:43:00.1: [1022:14dc] type 00 class 0x088000
[    0.878843] pci 0000:43:00.1: reg 0x10: [mem 0x50002180000-0x500021fffff 64bit pref]
[    0.878848] pci 0000:43:00.1: reg 0x18: [mem 0x50002100000-0x5000217ffff 64bit pref]
[    0.878856] pci 0000:43:00.1: enabling Extended Tags
[    0.878969] pci 0000:40:07.1: ASPM: current common clock configuration is inconsistent, reconfiguring
[    0.879794] pci 0000:40:07.1: PCI bridge to [bus 43]
[    0.879801] pci 0000:40:07.1:   bridge window [mem 0x50002100000-0x500021fffff 64bit pref]
[    0.880268] ACPI: PCI Root Bridge [PCI0] (domain 0000 [bus 00-1f])
[    0.880275] acpi PNP0A08:02: _OSC: OS supports [ExtendedConfig ASPM ClockPM Segments MSI EDR HPX-Type3]
[    0.880739] acpi PNP0A08:02: _OSC: platform does not support [LTR DPC]
[    0.881179] acpi PNP0A08:02: _OSC: OS now controls [PCIeHotplug SHPCHotplug PME AER PCIeCapability]
[    0.881723] PCI host bridge to bus 0000:00
[    0.881726] pci_bus 0000:00: root bus resource [io  0x0000-0x03af window]
[    0.881730] pci_bus 0000:00: root bus resource [io  0x03e0-0x0cf7 window]
[    0.881734] pci_bus 0000:00: root bus resource [io  0x03b0-0x03df window]
[    0.881737] pci_bus 0000:00: root bus resource [io  0x1000-0x2fff window]
[    0.881741] pci_bus 0000:00: root bus resource [mem 0x000a0000-0x000dffff window]
[    0.881745] pci_bus 0000:00: root bus resource [mem 0xf6000000-0xf85fffff window]
[    0.881749] pci_bus 0000:00: root bus resource [mem 0x50080200000-0x700801fffff window]
[    0.881752] pci_bus 0000:00: root bus resource [bus 00-1f]
[    0.881806] pci 0000:00:00.0: [1022:14a4] type 00 class 0x060000
[    0.882008] pci 0000:00:00.3: [1022:14a6] type 00 class 0x080700
[    0.882048] pci 0000:00:00.3: enabling Extended Tags
[    0.882264] pci 0000:00:01.0: [1022:149f] type 00 class 0x060000
[    0.882462] pci 0000:00:01.1: [1022:14ab] type 01 class 0x060400
[    0.882532] pci 0000:00:01.1: PME# supported from D0 D3hot D3cold
[    0.883099] pci 0000:00:01.3: [1022:14ab] type 01 class 0x060400
[    0.883123] pci 0000:00:01.3: enabling Extended Tags
[    0.883172] pci 0000:00:01.3: PME# supported from D0 D3hot D3cold
[    0.883681] pci 0000:00:02.0: [1022:149f] type 00 class 0x060000
[    0.883835] pci 0000:00:03.0: [1022:149f] type 00 class 0x060000
[    0.883990] pci 0000:00:04.0: [1022:149f] type 00 class 0x060000
[    0.884144] pci 0000:00:05.0: [1022:149f] type 00 class 0x060000
[    0.884340] pci 0000:00:05.1: [1022:14aa] type 01 class 0x060400
[    0.884415] pci 0000:00:05.1: PME# supported from D0 D3hot D3cold
[    0.884575] pci 0000:00:07.0: [1022:149f] type 00 class 0x060000
[    0.884767] pci 0000:00:07.1: [1022:14a7] type 01 class 0x060400
[    0.884790] pci 0000:00:07.1: enabling Extended Tags
[    0.885599] pci 0000:00:07.1: PME# supported from D0 D3hot D3cold
[    0.885817] pci 0000:00:14.0: [1022:790b] type 00 class 0x0c0500
[    0.886031] pci 0000:00:14.3: [1022:790e] type 00 class 0x060100
[    0.886208] pci 0000:00:18.0: [1022:14ad] type 00 class 0x060000
[    0.886347] pci 0000:00:18.1: [1022:14ae] type 00 class 0x060000
[    0.886485] pci 0000:00:18.2: [1022:14af] type 00 class 0x060000
[    0.886623] pci 0000:00:18.3: [1022:14b0] type 00 class 0x060000
[    0.886760] pci 0000:00:18.4: [1022:14b1] type 00 class 0x060000
[    0.886897] pci 0000:00:18.5: [1022:14b2] type 00 class 0x060000
[    0.887033] pci 0000:00:18.6: [1022:14b3] type 00 class 0x060000
[    0.887170] pci 0000:00:18.7: [1022:14b4] type 00 class 0x060000
[    0.887309] pci 0000:00:19.0: [1022:14ad] type 00 class 0x060000
[    0.887458] pci 0000:00:19.1: [1022:14ae] type 00 class 0x060000
[    0.887604] pci 0000:00:19.2: [1022:14af] type 00 class 0x060000
[    0.887752] pci 0000:00:19.3: [1022:14b0] type 00 class 0x060000
[    0.887901] pci 0000:00:19.4: [1022:14b1] type 00 class 0x060000
[    0.888048] pci 0000:00:19.5: [1022:14b2] type 00 class 0x060000
[    0.888196] pci 0000:00:19.6: [1022:14b3] type 00 class 0x060000
[    0.888344] pci 0000:00:19.7: [1022:14b4] type 00 class 0x060000
[    0.888523] pci 0000:01:00.0: [10de:2bb1] type 00 class 0x030200
[    0.888548] pci 0000:01:00.0: reg 0x10: [mem 0x70000000000-0x70003ffffff 64bit pref]
[    0.888554] pci 0000:01:00.0: reg 0x18: [mem 0x6e000000000-0x6ffffffffff 64bit pref]
[    0.888559] pci 0000:01:00.0: reg 0x20: [mem 0x70004000000-0x70005ffffff 64bit pref]
[    0.888699] pci 0000:01:00.0: Enabling HDA controller
[    0.888743] pci 0000:01:00.0: PME# supported from D0 D3hot
[    0.888776] pci 0000:01:00.0: reg 0x274: [mem 0x00000000-0x0003ffff 64bit pref]
[    0.888780] pci 0000:01:00.0: VF(n) BAR0 space: [mem 0x00000000-0x00bfffff 64bit pref] (contains BAR0 for 48 VFs)
[    0.888786] pci 0000:01:00.0: reg 0x27c: [mem 0x00000000-0xffffffff 64bit pref]
[    0.888790] pci 0000:01:00.0: VF(n) BAR2 space: [mem 0x00000000-0x2fffffffff 64bit pref] (contains BAR2 for 48 VFs)
[    0.888796] pci 0000:01:00.0: reg 0x284: [mem 0x00000000-0x01ffffff 64bit pref]
[    0.888799] pci 0000:01:00.0: VF(n) BAR4 space: [mem 0x00000000-0x5fffffff 64bit pref] (contains BAR4 for 48 VFs)
[    0.888915] pci 0000:01:00.0: 126.024 Gb/s available PCIe bandwidth, limited by 16.0 GT/s PCIe x8 link at 0000:00:01.1 (capable of 504.112 Gb/s with 32.0 GT/s PCIe x16 link)
[    0.888985] pci 0000:00:01.1: PCI bridge to [bus 01]
[    0.888993] pci 0000:00:01.1:   bridge window [mem 0x6e000000000-0x70005ffffff 64bit pref]
[    0.889814] pci 0000:02:00.0: [15b3:1003] type 00 class 0x028000
[    0.890572] pci 0000:02:00.0: reg 0x10: [mem 0xf8400000-0xf84fffff 64bit]
[    0.890606] pci 0000:02:00.0: reg 0x18: [mem 0x70006800000-0x70006ffffff 64bit pref]
[    0.890660] pci 0000:02:00.0: reg 0x30: [mem 0xf8300000-0xf83fffff pref]
[    0.893394] pci 0000:00:01.3: PCI bridge to [bus 02]
[    0.893400] pci 0000:00:01.3:   bridge window [mem 0xf8300000-0xf84fffff]
[    0.893405] pci 0000:00:01.3:   bridge window [mem 0x70006800000-0x70006ffffff 64bit pref]
[    0.893504] pci 0000:03:00.0: [14e4:16d8] type 00 class 0x020000
[    0.893547] pci 0000:03:00.0: reg 0x10: [mem 0x70007210000-0x7000721ffff 64bit pref]
[    0.893553] pci 0000:03:00.0: reg 0x18: [mem 0x70007100000-0x700071fffff 64bit pref]
[    0.893559] pci 0000:03:00.0: reg 0x20: [mem 0x70007222000-0x70007223fff 64bit pref]
[    0.893564] pci 0000:03:00.0: reg 0x30: [mem 0xf8580000-0xf85fffff pref]
[    0.893655] pci 0000:03:00.0: PME# supported from D0 D3hot D3cold
[    0.893822] pci 0000:03:00.1: [14e4:16d8] type 00 class 0x020000
[    0.893865] pci 0000:03:00.1: reg 0x10: [mem 0x70007200000-0x7000720ffff 64bit pref]
[    0.893871] pci 0000:03:00.1: reg 0x18: [mem 0x70007000000-0x700070fffff 64bit pref]
[    0.893877] pci 0000:03:00.1: reg 0x20: [mem 0x70007220000-0x70007221fff 64bit pref]
[    0.893882] pci 0000:03:00.1: reg 0x30: [mem 0xf8500000-0xf857ffff pref]
[    0.893957] pci 0000:03:00.1: PME# supported from D0 D3hot D3cold
[    0.894067] pci 0000:00:05.1: PCI bridge to [bus 03]
[    0.894074] pci 0000:00:05.1:   bridge window [mem 0xf8500000-0xf85fffff]
[    0.894079] pci 0000:00:05.1:   bridge window [mem 0x70007000000-0x700072fffff 64bit pref]
[    0.894234] pci 0000:04:00.0: [1022:14ac] type 00 class 0x130000
[    0.894260] pci 0000:04:00.0: enabling Extended Tags
[    0.894419] pci 0000:04:00.1: [1022:14dc] type 00 class 0x088000
[    0.894440] pci 0000:04:00.1: reg 0x10: [mem 0x70007380000-0x700073fffff 64bit pref]
[    0.894445] pci 0000:04:00.1: reg 0x18: [mem 0x70007300000-0x7000737ffff 64bit pref]
[    0.894453] pci 0000:04:00.1: enabling Extended Tags
[    0.894603] pci 0000:04:00.4: [1022:14c9] type 00 class 0x0c0330
[    0.894625] pci 0000:04:00.4: reg 0x10: [mem 0xf8100000-0xf81fffff 64bit]
[    0.894634] pci 0000:04:00.4: enabling Extended Tags
[    0.894665] pci 0000:04:00.4: PME# supported from D0 D3hot D3cold
[    0.894785] pci 0000:04:00.5: [1022:14ca] type 00 class 0x108000
[    0.894806] pci 0000:04:00.5: reg 0x18: [mem 0xf8000000-0xf80fffff]
[    0.894811] pci 0000:04:00.5: reg 0x24: [mem 0xf8200000-0xf8201fff]
[    0.894818] pci 0000:04:00.5: enabling Extended Tags
[    0.894923] pci 0000:00:07.1: ASPM: current common clock configuration is inconsistent, reconfiguring
[    0.895278] pci 0000:00:07.1: PCI bridge to [bus 04]
[    0.895284] pci 0000:00:07.1:   bridge window [mem 0xf8000000-0xf82fffff]
[    0.895289] pci 0000:00:07.1:   bridge window [mem 0x70007300000-0x700073fffff 64bit pref]
[    0.897993] ACPI: PCI Root Bridge [S0D3] (domain 0000 [bus 20-3f])
[    0.898000] acpi PNP0A08:03: _OSC: OS supports [ExtendedConfig ASPM ClockPM Segments MSI EDR HPX-Type3]
[    0.898453] acpi PNP0A08:03: _OSC: platform does not support [LTR DPC]
[    0.898888] acpi PNP0A08:03: _OSC: OS now controls [PCIeHotplug SHPCHotplug PME AER PCIeCapability]
[    0.899276] PCI host bridge to bus 0000:20
[    0.899279] pci_bus 0000:20: root bus resource [io  0x3000-0x3fff window]
[    0.899283] pci_bus 0000:20: root bus resource [mem 0xf4000000-0xf5ffffff window]
[    0.899287] pci_bus 0000:20: root bus resource [mem 0x700b0200000-0x900b01fffff window]
[    0.899292] pci_bus 0000:20: root bus resource [bus 20-3f]
[    0.899330] pci 0000:20:00.0: [1022:14a4] type 00 class 0x060000
[    0.899485] pci 0000:20:00.3: [1022:14a6] type 00 class 0x080700
[    0.899526] pci 0000:20:00.3: enabling Extended Tags
[    0.899730] pci 0000:20:01.0: [1022:149f] type 00 class 0x060000
[    0.899849] pci 0000:20:02.0: [1022:149f] type 00 class 0x060000
[    0.899966] pci 0000:20:03.0: [1022:149f] type 00 class 0x060000
[    0.900083] pci 0000:20:04.0: [1022:149f] type 00 class 0x060000
[    0.900202] pci 0000:20:05.0: [1022:149f] type 00 class 0x060000
[    0.900320] pci 0000:20:07.0: [1022:149f] type 00 class 0x060000
[    0.900464] pci 0000:20:07.1: [1022:14a7] type 01 class 0x060400
[    0.900486] pci 0000:20:07.1: enabling Extended Tags
[    0.901077] pci 0000:20:07.1: PME# supported from D0 D3hot D3cold
[    0.901289] pci 0000:21:00.0: [1022:14ac] type 00 class 0x130000
[    0.901315] pci 0000:21:00.0: enabling Extended Tags
[    0.901455] pci 0000:21:00.1: [1022:14dc] type 00 class 0x088000
[    0.901476] pci 0000:21:00.1: reg 0x10: [mem 0x900b0180000-0x900b01fffff 64bit pref]
[    0.901481] pci 0000:21:00.1: reg 0x18: [mem 0x900b0100000-0x900b017ffff 64bit pref]
[    0.901490] pci 0000:21:00.1: enabling Extended Tags
[    0.901604] pci 0000:20:07.1: ASPM: current common clock configuration is inconsistent, reconfiguring
[    0.901643] pci 0000:20:07.1: PCI bridge to [bus 21]
[    0.901651] pci 0000:20:07.1:   bridge window [mem 0x900b0100000-0x900b01fffff 64bit pref]
[    0.901982] ACPI: PCI Root Bridge [S1D0] (domain 0000 [bus e0-ff])
[    0.901988] acpi PNP0A08:04: _OSC: OS supports [ExtendedConfig ASPM ClockPM Segments MSI EDR HPX-Type3]
[    0.902442] acpi PNP0A08:04: _OSC: platform does not support [LTR DPC]
[    0.902878] acpi PNP0A08:04: _OSC: OS now controls [PCIeHotplug SHPCHotplug PME AER PCIeCapability]
[    0.903305] PCI host bridge to bus 0000:e0
[    0.903308] pci_bus 0000:e0: root bus resource [io  0xe000-0xffff window]
[    0.903312] pci_bus 0000:e0: root bus resource [mem 0xa4000000-0xb5ffffff window]
[    0.903316] pci_bus 0000:e0: root bus resource [mem 0x900e0200000-0xb00e01fffff window]
[    0.903321] pci_bus 0000:e0: root bus resource [bus e0-ff]
[    0.903366] pci 0000:e0:00.0: [1022:14a4] type 00 class 0x060000
[    0.903544] pci 0000:e0:00.3: [1022:14a6] type 00 class 0x080700
[    0.903589] pci 0000:e0:00.3: enabling Extended Tags
[    0.903804] pci 0000:e0:01.0: [1022:149f] type 00 class 0x060000
[    0.903982] pci 0000:e0:01.1: [1022:14ab] type 01 class 0x060400
[    0.904068] pci 0000:e0:01.1: PME# supported from D0 D3hot D3cold
[    0.904622] pci 0000:e0:01.3: [1022:14ab] type 01 class 0x060400
[    0.904707] pci 0000:e0:01.3: PME# supported from D0 D3hot D3cold
[    0.905221] pci 0000:e0:02.0: [1022:149f] type 00 class 0x060000
[    0.905366] pci 0000:e0:03.0: [1022:149f] type 00 class 0x060000
[    0.905504] pci 0000:e0:04.0: [1022:149f] type 00 class 0x060000
[    0.905643] pci 0000:e0:05.0: [1022:149f] type 00 class 0x060000
[    0.905783] pci 0000:e0:07.0: [1022:149f] type 00 class 0x060000
[    0.905957] pci 0000:e0:07.1: [1022:14a7] type 01 class 0x060400
[    0.905984] pci 0000:e0:07.1: enabling Extended Tags
[    0.906036] pci 0000:e0:07.1: PME# supported from D0 D3hot D3cold
[    0.906225] pci 0000:e0:07.2: [1022:14a7] type 01 class 0x060400
[    0.906252] pci 0000:e0:07.2: enabling Extended Tags
[    0.906383] pci 0000:e0:07.2: PME# supported from D0 D3hot D3cold
[    0.906581] pci 0000:e1:00.0: [10de:2d04] type 00 class 0x030000
[    0.906611] pci 0000:e1:00.0: reg 0x10: [mem 0xb0000000-0xb3ffffff]
[    0.906616] pci 0000:e1:00.0: reg 0x14: [mem 0xafc00000000-0xaffffffffff 64bit pref]
[    0.906622] pci 0000:e1:00.0: reg 0x1c: [mem 0xb0000000000-0xb0001ffffff 64bit pref]
[    0.906627] pci 0000:e1:00.0: reg 0x24: [io  0xf000-0xf07f]
[    0.906631] pci 0000:e1:00.0: reg 0x30: [mem 0xb4000000-0xb407ffff pref]
[    0.906770] pci 0000:e1:00.0: Enabling HDA controller
[    0.906823] pci 0000:e1:00.0: PME# supported from D0 D3hot
[    0.906863] pci 0000:e1:00.0: reg 0x274: [mem 0x00000000-0x0003ffff 64bit pref]
[    0.906867] pci 0000:e1:00.0: VF(n) BAR0 space: [mem 0x00000000-0x0003ffff 64bit pref] (contains BAR0 for 1 VFs)
[    0.906873] pci 0000:e1:00.0: reg 0x27c: [mem 0x00000000-0x0fffffff 64bit pref]
[    0.906877] pci 0000:e1:00.0: VF(n) BAR2 space: [mem 0x00000000-0x0fffffff 64bit pref] (contains BAR2 for 1 VFs)
[    0.906883] pci 0000:e1:00.0: reg 0x284: [mem 0x00000000-0x01ffffff 64bit pref]
[    0.906886] pci 0000:e1:00.0: VF(n) BAR4 space: [mem 0x00000000-0x01ffffff 64bit pref] (contains BAR4 for 1 VFs)
[    0.906952] pci 0000:e1:00.0: 126.024 Gb/s available PCIe bandwidth, limited by 16.0 GT/s PCIe x8 link at 0000:e0:01.1 (capable of 504.112 Gb/s with 32.0 GT/s PCIe x16 link)
[    0.907027] pci 0000:e1:00.1: [10de:22eb] type 00 class 0x040300
[    0.907055] pci 0000:e1:00.1: reg 0x10: [mem 0xb4080000-0xb4083fff]
[    0.907281] pci 0000:e0:01.1: PCI bridge to [bus e1]
[    0.907287] pci 0000:e0:01.1:   bridge window [io  0xf000-0xffff]
[    0.907292] pci 0000:e0:01.1:   bridge window [mem 0xb0000000-0xb40fffff]
[    0.907297] pci 0000:e0:01.1:   bridge window [mem 0xafc00000000-0xb0001ffffff 64bit pref]
[    0.907388] pci 0000:e2:00.0: [10de:2d04] type 00 class 0x030000
[    0.907417] pci 0000:e2:00.0: reg 0x10: [mem 0xa8000000-0xabffffff]
[    0.907422] pci 0000:e2:00.0: reg 0x14: [mem 0xaf400000000-0xaf7ffffffff 64bit pref]
[    0.907428] pci 0000:e2:00.0: reg 0x1c: [mem 0xaf800000000-0xaf801ffffff 64bit pref]
[    0.907433] pci 0000:e2:00.0: reg 0x24: [io  0xe000-0xe07f]
[    0.907437] pci 0000:e2:00.0: reg 0x30: [mem 0xac000000-0xac07ffff pref]
[    0.907570] pci 0000:e2:00.0: Enabling HDA controller
[    0.907622] pci 0000:e2:00.0: PME# supported from D0 D3hot
[    0.907661] pci 0000:e2:00.0: reg 0x274: [mem 0x00000000-0x0003ffff 64bit pref]
[    0.907666] pci 0000:e2:00.0: VF(n) BAR0 space: [mem 0x00000000-0x0003ffff 64bit pref] (contains BAR0 for 1 VFs)
[    0.907671] pci 0000:e2:00.0: reg 0x27c: [mem 0x00000000-0x0fffffff 64bit pref]
[    0.907675] pci 0000:e2:00.0: VF(n) BAR2 space: [mem 0x00000000-0x0fffffff 64bit pref] (contains BAR2 for 1 VFs)
[    0.907680] pci 0000:e2:00.0: reg 0x284: [mem 0x00000000-0x01ffffff 64bit pref]
[    0.907684] pci 0000:e2:00.0: VF(n) BAR4 space: [mem 0x00000000-0x01ffffff 64bit pref] (contains BAR4 for 1 VFs)
[    0.907751] pci 0000:e2:00.0: 126.024 Gb/s available PCIe bandwidth, limited by 16.0 GT/s PCIe x8 link at 0000:e0:01.3 (capable of 504.112 Gb/s with 32.0 GT/s PCIe x16 link)
[    0.907823] pci 0000:e2:00.1: [10de:22eb] type 00 class 0x040300
[    0.907851] pci 0000:e2:00.1: reg 0x10: [mem 0xac080000-0xac083fff]
[    0.908072] pci 0000:e0:01.3: PCI bridge to [bus e2]
[    0.908078] pci 0000:e0:01.3:   bridge window [io  0xe000-0xefff]
[    0.908083] pci 0000:e0:01.3:   bridge window [mem 0xa8000000-0xac0fffff]
[    0.908088] pci 0000:e0:01.3:   bridge window [mem 0xaf400000000-0xaf801ffffff 64bit pref]
[    0.908441] pci 0000:e3:00.0: [1022:14ac] type 00 class 0x130000
[    0.908471] pci 0000:e3:00.0: enabling Extended Tags
[    0.908646] pci 0000:e3:00.1: [1022:14dc] type 00 class 0x088000
[    0.908670] pci 0000:e3:00.1: reg 0x10: [mem 0xb0002180000-0xb00021fffff 64bit pref]
[    0.908675] pci 0000:e3:00.1: reg 0x18: [mem 0xb0002100000-0xb000217ffff 64bit pref]
[    0.908685] pci 0000:e3:00.1: enabling Extended Tags
[    0.908817] pci 0000:e0:07.1: ASPM: current common clock configuration is inconsistent, reconfiguring
[    0.908856] pci 0000:e0:07.1: PCI bridge to [bus e3]
[    0.908865] pci 0000:e0:07.1:   bridge window [mem 0xb0002100000-0xb00021fffff 64bit pref]
[    0.908960] pci 0000:e4:00.0: [1022:7901] type 00 class 0x010601
[    0.908988] pci 0000:e4:00.0: reg 0x24: [mem 0xb4201000-0xb42017ff]
[    0.908995] pci 0000:e4:00.0: enabling Extended Tags
[    0.909038] pci 0000:e4:00.0: PME# supported from D3hot D3cold
[    0.909155] pci 0000:e4:00.1: [1022:7901] type 00 class 0x010601
[    0.909184] pci 0000:e4:00.1: reg 0x24: [mem 0xb4200000-0xb42007ff]
[    0.909191] pci 0000:e4:00.1: enabling Extended Tags
[    0.909225] pci 0000:e4:00.1: PME# supported from D3hot D3cold
[    0.909326] pci 0000:e0:07.2: PCI bridge to [bus e4]
[    0.909333] pci 0000:e0:07.2:   bridge window [mem 0xb4200000-0xb42fffff]
[    0.911349] ACPI: PCI Root Bridge [S1D1] (domain 0000 [bus c0-df])
[    0.911355] acpi PNP0A08:05: _OSC: OS supports [ExtendedConfig ASPM ClockPM Segments MSI EDR HPX-Type3]
[    0.911808] acpi PNP0A08:05: _OSC: platform does not support [LTR DPC]
[    0.912251] acpi PNP0A08:05: _OSC: OS now controls [PCIeHotplug SHPCHotplug PME AER PCIeCapability]
[    0.912659] PCI host bridge to bus 0000:c0
[    0.912663] pci_bus 0000:c0: root bus resource [io  0xc000-0xdfff window]
[    0.912668] pci_bus 0000:c0: root bus resource [mem 0xf0000000-0xf1ffffff window]
[    0.912672] pci_bus 0000:c0: root bus resource [mem 0xb0110200000-0xd01101fffff window]
[    0.912676] pci_bus 0000:c0: root bus resource [bus c0-df]
[    0.912719] pci 0000:c0:00.0: [1022:14a4] type 00 class 0x060000
[    0.912886] pci 0000:c0:00.3: [1022:14a6] type 00 class 0x080700
[    0.912933] pci 0000:c0:00.3: enabling Extended Tags
[    0.913153] pci 0000:c0:01.0: [1022:149f] type 00 class 0x060000
[    0.913279] pci 0000:c0:02.0: [1022:149f] type 00 class 0x060000
[    0.913404] pci 0000:c0:03.0: [1022:149f] type 00 class 0x060000
[    0.913529] pci 0000:c0:04.0: [1022:149f] type 00 class 0x060000
[    0.913658] pci 0000:c0:05.0: [1022:149f] type 00 class 0x060000
[    0.914417] pci 0000:c0:07.0: [1022:149f] type 00 class 0x060000
[    0.914570] pci 0000:c0:07.1: [1022:14a7] type 01 class 0x060400
[    0.914596] pci 0000:c0:07.1: enabling Extended Tags
[    0.914881] pci 0000:c0:07.1: PME# supported from D0 D3hot D3cold
[    0.915110] pci 0000:c1:00.0: [1022:14ac] type 00 class 0x130000
[    0.915140] pci 0000:c1:00.0: enabling Extended Tags
[    0.915302] pci 0000:c1:00.1: [1022:14dc] type 00 class 0x088000
[    0.915326] pci 0000:c1:00.1: reg 0x10: [mem 0xd0110180000-0xd01101fffff 64bit pref]
[    0.915332] pci 0000:c1:00.1: reg 0x18: [mem 0xd0110100000-0xd011017ffff 64bit pref]
[    0.915341] pci 0000:c1:00.1: enabling Extended Tags
[    0.915466] pci 0000:c0:07.1: ASPM: current common clock configuration is inconsistent, reconfiguring
[    0.915507] pci 0000:c0:07.1: PCI bridge to [bus c1]
[    0.915516] pci 0000:c0:07.1:   bridge window [mem 0xd0110100000-0xd01101fffff 64bit pref]
[    0.915854] ACPI: PCI Root Bridge [S1D2] (domain 0000 [bus 80-9f])
[    0.915860] acpi PNP0A08:06: _OSC: OS supports [ExtendedConfig ASPM ClockPM Segments MSI EDR HPX-Type3]
[    0.916312] acpi PNP0A08:06: _OSC: platform does not support [LTR DPC]
[    0.916748] acpi PNP0A08:06: _OSC: OS now controls [PCIeHotplug SHPCHotplug PME AER PCIeCapability]
[    0.917187] PCI host bridge to bus 0000:80
[    0.917191] pci_bus 0000:80: root bus resource [io  0x8000-0x9fff window]
[    0.917194] pci_bus 0000:80: root bus resource [mem 0x94000000-0xa3ffffff window]
[    0.917199] pci_bus 0000:80: root bus resource [mem 0xd0140200000-0xf01401fffff window]
[    0.917203] pci_bus 0000:80: root bus resource [bus 80-9f]
[    0.917250] pci 0000:80:00.0: [1022:14a4] type 00 class 0x060000
[    0.917437] pci 0000:80:00.3: [1022:14a6] type 00 class 0x080700
[    0.917482] pci 0000:80:00.3: enabling Extended Tags
[    0.917702] pci 0000:80:01.0: [1022:149f] type 00 class 0x060000
[    0.917886] pci 0000:80:01.1: [1022:14ab] type 01 class 0x060400
[    0.917970] pci 0000:80:01.1: PME# supported from D0 D3hot D3cold
[    0.918540] pci 0000:80:01.3: [1022:14ab] type 01 class 0x060400
[    0.918625] pci 0000:80:01.3: PME# supported from D0 D3hot D3cold
[    0.919137] pci 0000:80:02.0: [1022:149f] type 00 class 0x060000
[    0.919286] pci 0000:80:03.0: [1022:149f] type 00 class 0x060000
[    0.919435] pci 0000:80:04.0: [1022:149f] type 00 class 0x060000
[    0.919581] pci 0000:80:05.0: [1022:149f] type 00 class 0x060000
[    0.919730] pci 0000:80:07.0: [1022:149f] type 00 class 0x060000
[    0.919911] pci 0000:80:07.1: [1022:14a7] type 01 class 0x060400
[    0.919937] pci 0000:80:07.1: enabling Extended Tags
[    0.920687] pci 0000:80:07.1: PME# supported from D0 D3hot D3cold
[    0.920905] pci 0000:81:00.0: [10de:2d04] type 00 class 0x030000
[    0.920935] pci 0000:81:00.0: reg 0x10: [mem 0x9c000000-0x9fffffff]
[    0.920940] pci 0000:81:00.0: reg 0x14: [mem 0xefc00000000-0xeffffffffff 64bit pref]
[    0.920945] pci 0000:81:00.0: reg 0x1c: [mem 0xf0000000000-0xf0001ffffff 64bit pref]
[    0.920950] pci 0000:81:00.0: reg 0x24: [io  0x9000-0x907f]
[    0.920954] pci 0000:81:00.0: reg 0x30: [mem 0xa0000000-0xa007ffff pref]
[    0.921093] pci 0000:81:00.0: Enabling HDA controller
[    0.921146] pci 0000:81:00.0: PME# supported from D0 D3hot
[    0.921186] pci 0000:81:00.0: reg 0x274: [mem 0x00000000-0x0003ffff 64bit pref]
[    0.921190] pci 0000:81:00.0: VF(n) BAR0 space: [mem 0x00000000-0x0003ffff 64bit pref] (contains BAR0 for 1 VFs)
[    0.921196] pci 0000:81:00.0: reg 0x27c: [mem 0x00000000-0x0fffffff 64bit pref]
[    0.921200] pci 0000:81:00.0: VF(n) BAR2 space: [mem 0x00000000-0x0fffffff 64bit pref] (contains BAR2 for 1 VFs)
[    0.921205] pci 0000:81:00.0: reg 0x284: [mem 0x00000000-0x01ffffff 64bit pref]
[    0.921209] pci 0000:81:00.0: VF(n) BAR4 space: [mem 0x00000000-0x01ffffff 64bit pref] (contains BAR4 for 1 VFs)
[    0.921275] pci 0000:81:00.0: 126.024 Gb/s available PCIe bandwidth, limited by 16.0 GT/s PCIe x8 link at 0000:80:01.1 (capable of 504.112 Gb/s with 32.0 GT/s PCIe x16 link)
[    0.921349] pci 0000:81:00.1: [10de:22eb] type 00 class 0x040300
[    0.921377] pci 0000:81:00.1: reg 0x10: [mem 0xa0080000-0xa0083fff]
[    0.921605] pci 0000:80:01.1: PCI bridge to [bus 81]
[    0.921611] pci 0000:80:01.1:   bridge window [io  0x9000-0x9fff]
[    0.921615] pci 0000:80:01.1:   bridge window [mem 0x9c000000-0xa00fffff]
[    0.921620] pci 0000:80:01.1:   bridge window [mem 0xefc00000000-0xf0001ffffff 64bit pref]
[    0.922390] pci 0000:82:00.0: [10de:2d04] type 00 class 0x030000
[    0.922422] pci 0000:82:00.0: reg 0x10: [mem 0x94000000-0x97ffffff]
[    0.922427] pci 0000:82:00.0: reg 0x14: [mem 0xef400000000-0xef7ffffffff 64bit pref]
[    0.922432] pci 0000:82:00.0: reg 0x1c: [mem 0xef800000000-0xef801ffffff 64bit pref]
[    0.922436] pci 0000:82:00.0: reg 0x24: [io  0x8000-0x807f]
[    0.922440] pci 0000:82:00.0: reg 0x30: [mem 0x98000000-0x9807ffff pref]
[    0.922630] pci 0000:82:00.0: Enabling HDA controller
[    0.922700] pci 0000:82:00.0: PME# supported from D0 D3hot
[    0.922740] pci 0000:82:00.0: reg 0x274: [mem 0x00000000-0x0003ffff 64bit pref]
[    0.922744] pci 0000:82:00.0: VF(n) BAR0 space: [mem 0x00000000-0x0003ffff 64bit pref] (contains BAR0 for 1 VFs)
[    0.922750] pci 0000:82:00.0: reg 0x27c: [mem 0x00000000-0x0fffffff 64bit pref]
[    0.922754] pci 0000:82:00.0: VF(n) BAR2 space: [mem 0x00000000-0x0fffffff 64bit pref] (contains BAR2 for 1 VFs)
[    0.922759] pci 0000:82:00.0: reg 0x284: [mem 0x00000000-0x01ffffff 64bit pref]
[    0.922763] pci 0000:82:00.0: VF(n) BAR4 space: [mem 0x00000000-0x01ffffff 64bit pref] (contains BAR4 for 1 VFs)
[    0.922834] pci 0000:82:00.0: 126.024 Gb/s available PCIe bandwidth, limited by 16.0 GT/s PCIe x8 link at 0000:80:01.3 (capable of 504.112 Gb/s with 32.0 GT/s PCIe x16 link)
[    0.922913] pci 0000:82:00.1: [10de:22eb] type 00 class 0x040300
[    0.922941] pci 0000:82:00.1: reg 0x10: [mem 0x98080000-0x98083fff]
[    0.923172] pci 0000:80:01.3: PCI bridge to [bus 82]
[    0.923178] pci 0000:80:01.3:   bridge window [io  0x8000-0x8fff]
[    0.923182] pci 0000:80:01.3:   bridge window [mem 0x94000000-0x980fffff]
[    0.923188] pci 0000:80:01.3:   bridge window [mem 0xef400000000-0xef801ffffff 64bit pref]
[    0.923356] pci 0000:83:00.0: [1022:14ac] type 00 class 0x130000
[    0.923387] pci 0000:83:00.0: enabling Extended Tags
[    0.923560] pci 0000:83:00.1: [1022:14dc] type 00 class 0x088000
[    0.923586] pci 0000:83:00.1: reg 0x10: [mem 0xf0002180000-0xf00021fffff 64bit pref]
[    0.923591] pci 0000:83:00.1: reg 0x18: [mem 0xf0002100000-0xf000217ffff 64bit pref]
[    0.923600] pci 0000:83:00.1: enabling Extended Tags
[    0.923769] pci 0000:83:00.5: [1022:14ca] type 00 class 0x108000
[    0.923795] pci 0000:83:00.5: reg 0x18: [mem 0xa0200000-0xa02fffff]
[    0.923800] pci 0000:83:00.5: reg 0x24: [mem 0xa0300000-0xa0301fff]
[    0.923808] pci 0000:83:00.5: enabling Extended Tags
[    0.923925] pci 0000:80:07.1: ASPM: current common clock configuration is inconsistent, reconfiguring
[    0.926377] pci 0000:80:07.1: PCI bridge to [bus 83]
[    0.926384] pci 0000:80:07.1:   bridge window [mem 0xa0200000-0xa03fffff]
[    0.926390] pci 0000:80:07.1:   bridge window [mem 0xf0002100000-0xf00021fffff 64bit pref]
[    0.927361] ACPI: PCI Root Bridge [S1D3] (domain 0000 [bus a0-bf])
[    0.927367] acpi PNP0A08:07: _OSC: OS supports [ExtendedConfig ASPM ClockPM Segments MSI EDR HPX-Type3]
[    0.927818] acpi PNP0A08:07: _OSC: platform does not support [LTR DPC]
[    0.928253] acpi PNP0A08:07: _OSC: OS now controls [PCIeHotplug SHPCHotplug PME AER PCIeCapability]
[    0.928638] PCI host bridge to bus 0000:a0
[    0.928641] pci_bus 0000:a0: root bus resource [io  0xa000-0xbfff window]
[    0.928645] pci_bus 0000:a0: root bus resource [mem 0x80000000-0x8fffffff window]
[    0.928649] pci_bus 0000:a0: root bus resource [mem 0xf0170200000-0x1101701fffff window]
[    0.928654] pci_bus 0000:a0: root bus resource [bus a0-bf]
[    0.928691] pci 0000:a0:00.0: [1022:14a4] type 00 class 0x060000
[    0.928844] pci 0000:a0:00.3: [1022:14a6] type 00 class 0x080700
[    0.928888] pci 0000:a0:00.3: enabling Extended Tags
[    0.929098] pci 0000:a0:01.0: [1022:149f] type 00 class 0x060000
[    0.929250] pci 0000:a0:01.1: [1022:14ab] type 01 class 0x060400
[    0.929345] pci 0000:a0:01.1: PME# supported from D0 D3hot D3cold
[    0.930424] pci 0000:a0:01.3: [1022:14ab] type 01 class 0x060400
[    0.930520] pci 0000:a0:01.3: PME# supported from D0 D3hot D3cold
[    0.931031] pci 0000:a0:02.0: [1022:149f] type 00 class 0x060000
[    0.931154] pci 0000:a0:03.0: [1022:149f] type 00 class 0x060000
[    0.931276] pci 0000:a0:04.0: [1022:149f] type 00 class 0x060000
[    0.931397] pci 0000:a0:05.0: [1022:149f] type 00 class 0x060000
[    0.931519] pci 0000:a0:07.0: [1022:149f] type 00 class 0x060000
[    0.931665] pci 0000:a0:07.1: [1022:14a7] type 01 class 0x060400
[    0.931690] pci 0000:a0:07.1: enabling Extended Tags
[    0.931741] pci 0000:a0:07.1: PME# supported from D0 D3hot D3cold
[    0.932755] pci 0000:a1:00.0: [10de:2d04] type 00 class 0x030000
[    0.932795] pci 0000:a1:00.0: reg 0x10: [mem 0x88000000-0x8bffffff]
[    0.932800] pci 0000:a1:00.0: reg 0x14: [mem 0x10fc00000000-0x10ffffffffff 64bit pref]
[    0.932806] pci 0000:a1:00.0: reg 0x1c: [mem 0x110000000000-0x110001ffffff 64bit pref]
[    0.932811] pci 0000:a1:00.0: reg 0x24: [io  0xb000-0xb07f]
[    0.932815] pci 0000:a1:00.0: reg 0x30: [mem 0x8c000000-0x8c07ffff pref]
[    0.932964] pci 0000:a1:00.0: Enabling HDA controller
[    0.933033] pci 0000:a1:00.0: PME# supported from D0 D3hot
[    0.933083] pci 0000:a1:00.0: reg 0x274: [mem 0x00000000-0x0003ffff 64bit pref]
[    0.933087] pci 0000:a1:00.0: VF(n) BAR0 space: [mem 0x00000000-0x0003ffff 64bit pref] (contains BAR0 for 1 VFs)
[    0.933093] pci 0000:a1:00.0: reg 0x27c: [mem 0x00000000-0x0fffffff 64bit pref]
[    0.933097] pci 0000:a1:00.0: VF(n) BAR2 space: [mem 0x00000000-0x0fffffff 64bit pref] (contains BAR2 for 1 VFs)
[    0.933103] pci 0000:a1:00.0: reg 0x284: [mem 0x00000000-0x01ffffff 64bit pref]
[    0.933106] pci 0000:a1:00.0: VF(n) BAR4 space: [mem 0x00000000-0x01ffffff 64bit pref] (contains BAR4 for 1 VFs)
[    0.933192] pci 0000:a1:00.0: 63.008 Gb/s available PCIe bandwidth, limited by 8.0 GT/s PCIe x8 link at 0000:a0:01.1 (capable of 504.112 Gb/s with 32.0 GT/s PCIe x16 link)
[    0.933270] pci 0000:a1:00.1: [10de:22eb] type 00 class 0x040300
[    0.933306] pci 0000:a1:00.1: reg 0x10: [mem 0x8c080000-0x8c083fff]
[    0.933560] pci 0000:a0:01.1: PCI bridge to [bus a1]
[    0.933566] pci 0000:a0:01.1:   bridge window [io  0xb000-0xbfff]
[    0.933571] pci 0000:a0:01.1:   bridge window [mem 0x88000000-0x8c0fffff]
[    0.933577] pci 0000:a0:01.1:   bridge window [mem 0x10fc00000000-0x110001ffffff 64bit pref]
[    0.933678] pci 0000:a2:00.0: [10de:2d04] type 00 class 0x030000
[    0.933717] pci 0000:a2:00.0: reg 0x10: [mem 0x80000000-0x83ffffff]
[    0.933723] pci 0000:a2:00.0: reg 0x14: [mem 0x10f400000000-0x10f7ffffffff 64bit pref]
[    0.933728] pci 0000:a2:00.0: reg 0x1c: [mem 0x10f800000000-0x10f801ffffff 64bit pref]
[    0.933733] pci 0000:a2:00.0: reg 0x24: [io  0xa000-0xa07f]
[    0.933737] pci 0000:a2:00.0: reg 0x30: [mem 0x84000000-0x8407ffff pref]
[    0.933882] pci 0000:a2:00.0: Enabling HDA controller
[    0.933949] pci 0000:a2:00.0: PME# supported from D0 D3hot
[    0.933999] pci 0000:a2:00.0: reg 0x274: [mem 0x00000000-0x0003ffff 64bit pref]
[    0.934003] pci 0000:a2:00.0: VF(n) BAR0 space: [mem 0x00000000-0x0003ffff 64bit pref] (contains BAR0 for 1 VFs)
[    0.934009] pci 0000:a2:00.0: reg 0x27c: [mem 0x00000000-0x0fffffff 64bit pref]
[    0.934013] pci 0000:a2:00.0: VF(n) BAR2 space: [mem 0x00000000-0x0fffffff 64bit pref] (contains BAR2 for 1 VFs)
[    0.934019] pci 0000:a2:00.0: reg 0x284: [mem 0x00000000-0x01ffffff 64bit pref]
[    0.934022] pci 0000:a2:00.0: VF(n) BAR4 space: [mem 0x00000000-0x01ffffff 64bit pref] (contains BAR4 for 1 VFs)
[    0.934107] pci 0000:a2:00.0: 63.008 Gb/s available PCIe bandwidth, limited by 8.0 GT/s PCIe x8 link at 0000:a0:01.3 (capable of 504.112 Gb/s with 32.0 GT/s PCIe x16 link)
[    0.934185] pci 0000:a2:00.1: [10de:22eb] type 00 class 0x040300
[    0.934221] pci 0000:a2:00.1: reg 0x10: [mem 0x84080000-0x84083fff]
[    0.934474] pci 0000:a0:01.3: PCI bridge to [bus a2]
[    0.934480] pci 0000:a0:01.3:   bridge window [io  0xa000-0xafff]
[    0.934484] pci 0000:a0:01.3:   bridge window [mem 0x80000000-0x840fffff]
[    0.934490] pci 0000:a0:01.3:   bridge window [mem 0x10f400000000-0x10f801ffffff 64bit pref]
[    0.934730] pci 0000:a3:00.0: [1022:14ac] type 00 class 0x130000
[    0.934760] pci 0000:a3:00.0: enabling Extended Tags
[    0.934915] pci 0000:a3:00.1: [1022:14dc] type 00 class 0x088000
[    0.934940] pci 0000:a3:00.1: reg 0x10: [mem 0x110002180000-0x1100021fffff 64bit pref]
[    0.934945] pci 0000:a3:00.1: reg 0x18: [mem 0x110002100000-0x11000217ffff 64bit pref]
[    0.934954] pci 0000:a3:00.1: enabling Extended Tags
[    0.935078] pci 0000:a0:07.1: ASPM: current common clock configuration is inconsistent, reconfiguring
[    0.935118] pci 0000:a0:07.1: PCI bridge to [bus a3]
[    0.935126] pci 0000:a0:07.1:   bridge window [mem 0x110002100000-0x1100021fffff 64bit pref]
[    0.935691] ACPI: PCI: Interrupt link LNKA configured for IRQ 0
[    0.935785] ACPI: PCI: Interrupt link LNKB configured for IRQ 0
[    0.935869] ACPI: PCI: Interrupt link LNKC configured for IRQ 0
[    0.935969] ACPI: PCI: Interrupt link LNKD configured for IRQ 0
[    0.936060] ACPI: PCI: Interrupt link LNKE configured for IRQ 0
[    0.936137] ACPI: PCI: Interrupt link LNKF configured for IRQ 0
[    0.936213] ACPI: PCI: Interrupt link LNKG configured for IRQ 0
[    0.936289] ACPI: PCI: Interrupt link LNKH configured for IRQ 0
[    0.937667] iommu: Default domain type: Passthrough (set via kernel command line)
[    0.937667] SCSI subsystem initialized
[    0.937667] libata version 3.00 loaded.
[    0.937667] pci 0000:63:00.0: vgaarb: VGA device added: decodes=io+mem,owns=none,locks=none
[    0.937667] pci 0000:41:00.0: vgaarb: VGA device added: decodes=io+mem,owns=none,locks=none
[    0.937667] pci 0000:42:00.0: vgaarb: VGA device added: decodes=io+mem,owns=none,locks=none
[    0.937667] pci 0000:e1:00.0: vgaarb: VGA device added: decodes=io+mem,owns=none,locks=none
[    0.937667] pci 0000:e2:00.0: vgaarb: VGA device added: decodes=io+mem,owns=none,locks=none
[    0.937667] pci 0000:81:00.0: vgaarb: VGA device added: decodes=io+mem,owns=none,locks=none
[    0.938351] pci 0000:82:00.0: vgaarb: VGA device added: decodes=io+mem,owns=none,locks=none
[    0.938362] pci 0000:a1:00.0: vgaarb: VGA device added: decodes=io+mem,owns=none,locks=none
[    0.938369] pci 0000:a2:00.0: vgaarb: VGA device added: decodes=io+mem,owns=none,locks=none
[    0.938373] pci 0000:63:00.0: vgaarb: bridge control possible
[    0.938377] pci 0000:41:00.0: vgaarb: bridge control possible
[    0.938379] pci 0000:42:00.0: vgaarb: bridge control possible
[    0.938382] pci 0000:e1:00.0: vgaarb: bridge control possible
[    0.938385] pci 0000:e2:00.0: vgaarb: bridge control possible
[    0.938388] pci 0000:81:00.0: vgaarb: bridge control possible
[    0.938390] pci 0000:82:00.0: vgaarb: bridge control possible
[    0.938393] pci 0000:a1:00.0: vgaarb: bridge control possible
[    0.938396] pci 0000:a2:00.0: vgaarb: bridge control possible
[    0.938399] pci 0000:63:00.0: vgaarb: setting as boot device
[    0.938403] vgaarb: loaded
[    0.938450] ACPI: bus type USB registered
[    0.938471] usbcore: registered new interface driver usbfs
[    0.938481] usbcore: registered new interface driver hub
[    0.938516] usbcore: registered new device driver usb
[    0.991468] pps_core: LinuxPPS API ver. 1 registered
[    0.991474] pps_core: Software ver. 5.3.6 - Copyright 2005-2007 Rodolfo Giometti <giometti@linux.it>
[    0.991481] PTP clock support registered
[    0.991535] EDAC MC: Ver: 3.0.0
[    0.991535] Registered efivars operations
[    0.991535] NetLabel: Initializing
[    0.991535] NetLabel:  domain hash size = 128
[    0.991535] NetLabel:  protocols = UNLABELED CIPSOv4 CALIPSO
[    0.991535] NetLabel:  unlabeled traffic allowed by default
[    0.991535] PCI: Using ACPI for IRQ routing
[    0.996097] PCI: pci_cache_line_size set to 64 bytes
[    0.998494] e820: reserve RAM buffer [mem 0x4554c018-0x47ffffff]
[    0.998500] e820: reserve RAM buffer [mem 0x45574018-0x47ffffff]
[    0.998502] e820: reserve RAM buffer [mem 0x4559c018-0x47ffffff]
[    0.998504] e820: reserve RAM buffer [mem 0x455c4018-0x47ffffff]
[    0.998505] e820: reserve RAM buffer [mem 0x455ec018-0x47ffffff]
[    0.998506] e820: reserve RAM buffer [mem 0x45614018-0x47ffffff]
[    0.998508] e820: reserve RAM buffer [mem 0x4563c018-0x47ffffff]
[    0.998509] e820: reserve RAM buffer [mem 0x4564d018-0x47ffffff]
[    0.998510] e820: reserve RAM buffer [mem 0x45675018-0x47ffffff]
[    0.998512] e820: reserve RAM buffer [mem 0x4569d018-0x47ffffff]
[    0.998513] e820: reserve RAM buffer [mem 0x456fd018-0x47ffffff]
[    0.998514] e820: reserve RAM buffer [mem 0x4575d018-0x47ffffff]
[    0.998515] e820: reserve RAM buffer [mem 0x64049000-0x67ffffff]
[    0.998516] e820: reserve RAM buffer [mem 0x65bad000-0x67ffffff]
[    0.998517] e820: reserve RAM buffer [mem 0x6caab000-0x6fffffff]
[    0.998518] e820: reserve RAM buffer [mem 0x75ba0000-0x77ffffff]
[    0.998520] e820: reserve RAM buffer [mem 0x75ca0000-0x77ffffff]
[    0.998521] e820: reserve RAM buffer [mem 0x77ffd000-0x77ffffff]
[    0.998522] e820: reserve RAM buffer [mem 0x147d8c0000-0x147fffffff]
[    0.998531] hpet0: at MMIO 0xfed00000, IRQs 2, 8, 0
[    0.998531] hpet0: 3 comparators, 32-bit 14.318180 MHz counter
[    1.003619] clocksource: Switched to clocksource tsc-early
[    1.017648] VFS: Disk quotas dquot_6.6.0
[    1.017675] VFS: Dquot-cache hash table entries: 512 (order 0, 4096 bytes)
[    1.017852] AppArmor: AppArmor Filesystem Enabled
[    1.017902] pnp: PnP ACPI init
[    1.018628] pnp 00:00: disabling [mem 0xe0000000-0xefffffff] because it overlaps 0000:01:00.0 BAR 9 [mem 0x00000000-0x2fffffffff 64bit pref]
[    1.019656] system 00:02: [io  0x0a00-0x0a3f] has been reserved
[    1.019662] system 00:02: [io  0x0a40-0x0a5f] has been reserved
[    1.019666] system 00:02: [io  0x0a60-0x0a6f] has been reserved
[    1.019669] system 00:02: [io  0x0a70-0x0a7f] has been reserved
[    1.019672] system 00:02: [io  0x0a80-0x0a8f] has been reserved
[    1.020099] pnp 00:03: [dma 0 disabled]
[    1.020471] pnp 00:04: disabling [mem 0xfedc0000-0xfedc0fff] because it overlaps 0000:01:00.0 BAR 9 [mem 0x00000000-0x2fffffffff 64bit pref]
[    1.020478] pnp 00:04: disabling [mem 0xfee00000-0xfee00fff] because it overlaps 0000:01:00.0 BAR 9 [mem 0x00000000-0x2fffffffff 64bit pref]
[    1.020484] pnp 00:04: disabling [mem 0xfed80000-0xfed814ff] because it overlaps 0000:01:00.0 BAR 9 [mem 0x00000000-0x2fffffffff 64bit pref]
[    1.020489] pnp 00:04: disabling [mem 0xfed81900-0xfed8ffff] because it overlaps 0000:01:00.0 BAR 9 [mem 0x00000000-0x2fffffffff 64bit pref]
[    1.020494] pnp 00:04: disabling [mem 0xfec10000-0xfec10fff] because it overlaps 0000:01:00.0 BAR 9 [mem 0x00000000-0x2fffffffff 64bit pref]
[    1.020499] pnp 00:04: disabling [mem 0xff000000-0xffffffff] because it overlaps 0000:01:00.0 BAR 9 [mem 0x00000000-0x2fffffffff 64bit pref]
[    1.020514] pnp 00:04: disabling [io  0xfe00-0xfefe] because it overlaps 0000:e0:01.1 BAR 13 [io  0xf000-0xffff]
[    1.020600] system 00:04: [io  0x04d0-0x04d1] has been reserved
[    1.020605] system 00:04: [io  0x040b] has been reserved
[    1.020608] system 00:04: [io  0x04d6] has been reserved
[    1.020612] system 00:04: [io  0x0c00-0x0c01] has been reserved
[    1.020615] system 00:04: [io  0x0c14] has been reserved
[    1.020618] system 00:04: [io  0x0c50-0x0c51] has been reserved
[    1.020622] system 00:04: [io  0x0c52] has been reserved
[    1.020625] system 00:04: [io  0x0c6c] has been reserved
[    1.020628] system 00:04: [io  0x0c6f] has been reserved
[    1.020631] system 00:04: [io  0x0cd0-0x0cd1] has been reserved
[    1.020635] system 00:04: [io  0x0cd2-0x0cd3] has been reserved
[    1.020638] system 00:04: [io  0x0cd4-0x0cd5] has been reserved
[    1.020641] system 00:04: [io  0x0cd6-0x0cd7] has been reserved
[    1.020645] system 00:04: [io  0x0cd8-0x0cdf] has been reserved
[    1.020648] system 00:04: [io  0x0800-0x089f] has been reserved
[    1.020651] system 00:04: [io  0x0b00-0x0b0f] has been reserved
[    1.020655] system 00:04: [io  0x0b20-0x0b3f] has been reserved
[    1.020659] system 00:04: [io  0x0900-0x090f] has been reserved
[    1.020663] system 00:04: [io  0x0910-0x091f] has been reserved
[    1.023088] pnp: PnP ACPI: found 5 devices
[    1.029538] clocksource: acpi_pm: mask: 0xffffff max_cycles: 0xffffff, max_idle_ns: 2085701024 ns
[    1.029612] NET: Registered PF_INET protocol family
[    1.029708] IP idents hash table entries: 262144 (order: 9, 2097152 bytes, linear)
[    1.030674] tcp_listen_portaddr_hash hash table entries: 65536 (order: 8, 1048576 bytes, linear)
[    1.030749] Table-perturb hash table entries: 65536 (order: 6, 262144 bytes, linear)
[    1.030910] TCP established hash table entries: 524288 (order: 10, 4194304 bytes, linear)
[    1.031263] TCP bind hash table entries: 65536 (order: 8, 1048576 bytes, linear)
[    1.031307] TCP: Hash tables configured (established 524288 bind 65536)
[    1.031519] MPTCP token hash table entries: 65536 (order: 9, 1572864 bytes, linear)
[    1.031669] UDP hash table entries: 65536 (order: 9, 2097152 bytes, linear)
[    1.031886] UDP-Lite hash table entries: 65536 (order: 9, 2097152 bytes, linear)
[    1.032106] NET: Registered PF_UNIX/PF_LOCAL protocol family
[    1.032116] NET: Registered PF_XDP protocol family
[    1.032131] pci 0000:60:01.3: PCI bridge to [bus 61]
[    1.032137] pci 0000:60:01.3:   bridge window [mem 0xd0400000-0xd04fffff]
[    1.032381] pci 0000:62:00.0: PCI bridge to [bus 63]
[    1.032386] pci 0000:62:00.0:   bridge window [io  0x7000-0x7fff]
[    1.032393] pci 0000:62:00.0:   bridge window [mem 0xcc000000-0xd00fffff]
[    1.032405] pci 0000:60:05.2: PCI bridge to [bus 62-63]
[    1.032409] pci 0000:60:05.2:   bridge window [io  0x7000-0x7fff]
[    1.032415] pci 0000:60:05.2:   bridge window [mem 0xcc000000-0xd00fffff]
[    1.032434] pci 0000:60:07.1: PCI bridge to [bus 64]
[    1.032439] pci 0000:60:07.1:   bridge window [mem 0xd0300000-0xd03fffff]
[    1.032443] pci 0000:60:07.1:   bridge window [mem 0x30020100000-0x300201fffff 64bit pref]
[    1.032459] pci 0000:60:07.2: PCI bridge to [bus 65]
[    1.032464] pci 0000:60:07.2:   bridge window [mem 0xd0200000-0xd02fffff]
[    1.032479] pci_bus 0000:60: resource 4 [io  0x6000-0x7fff window]
[    1.032483] pci_bus 0000:60: resource 5 [mem 0xcc000000-0xd3ffffff window]
[    1.032487] pci_bus 0000:60: resource 6 [mem 0x10020200000-0x300201fffff window]
[    1.032491] pci_bus 0000:61: resource 1 [mem 0xd0400000-0xd04fffff]
[    1.032494] pci_bus 0000:62: resource 0 [io  0x7000-0x7fff]
[    1.032497] pci_bus 0000:62: resource 1 [mem 0xcc000000-0xd00fffff]
[    1.032501] pci_bus 0000:63: resource 0 [io  0x7000-0x7fff]
[    1.032504] pci_bus 0000:63: resource 1 [mem 0xcc000000-0xd00fffff]
[    1.032507] pci_bus 0000:64: resource 1 [mem 0xd0300000-0xd03fffff]
[    1.032511] pci_bus 0000:64: resource 2 [mem 0x30020100000-0x300201fffff 64bit pref]
[    1.032515] pci_bus 0000:65: resource 1 [mem 0xd0200000-0xd02fffff]
[    1.032565] pci_bus 0000:40: max bus depth: 1 pci_try_num: 2
[    1.032574] pci 0000:41:00.0: BAR 9: no space for [mem size 0x10000000 64bit pref]
[    1.032579] pci 0000:41:00.0: BAR 9: failed to assign [mem size 0x10000000 64bit pref]
[    1.032584] pci 0000:41:00.0: BAR 11: no space for [mem size 0x02000000 64bit pref]
[    1.032588] pci 0000:41:00.0: BAR 11: failed to assign [mem size 0x02000000 64bit pref]
[    1.032593] pci 0000:41:00.0: BAR 7: assigned [mem 0xc80c0000-0xc80fffff 64bit pref]
[    1.032599] pci 0000:40:01.1: PCI bridge to [bus 41]
[    1.032603] pci 0000:40:01.1:   bridge window [io  0x5000-0x5fff]
[    1.032608] pci 0000:40:01.1:   bridge window [mem 0xc4000000-0xc80fffff]
[    1.032613] pci 0000:40:01.1:   bridge window [mem 0x4fc00000000-0x50001ffffff 64bit pref]
[    1.032631] pci 0000:42:00.0: BAR 9: no space for [mem size 0x10000000 64bit pref]
[    1.032636] pci 0000:42:00.0: BAR 9: failed to assign [mem size 0x10000000 64bit pref]
[    1.032641] pci 0000:42:00.0: BAR 11: no space for [mem size 0x02000000 64bit pref]
[    1.032645] pci 0000:42:00.0: BAR 11: failed to assign [mem size 0x02000000 64bit pref]
[    1.032650] pci 0000:42:00.0: BAR 7: assigned [mem 0xc00c0000-0xc00fffff 64bit pref]
[    1.032655] pci 0000:40:01.3: PCI bridge to [bus 42]
[    1.032659] pci 0000:40:01.3:   bridge window [io  0x4000-0x4fff]
[    1.032664] pci 0000:40:01.3:   bridge window [mem 0xbc000000-0xc00fffff]
[    1.032669] pci 0000:40:01.3:   bridge window [mem 0x4f400000000-0x4f801ffffff 64bit pref]
[    1.032686] pci 0000:40:07.1: PCI bridge to [bus 43]
[    1.032691] pci 0000:40:07.1:   bridge window [mem 0x50002100000-0x500021fffff 64bit pref]
[    1.032707] pci_bus 0000:40: No. 2 try to assign unassigned res
[    1.032710] release child resource [mem 0x4f400000000-0x4f7ffffffff 64bit pref]
[    1.032711] release child resource [mem 0x4f800000000-0x4f801ffffff 64bit pref]
[    1.032713] pci 0000:40:01.3: resource 15 [mem 0x4f400000000-0x4f801ffffff 64bit pref] released
[    1.032717] pci 0000:40:01.3: PCI bridge to [bus 42]
[    1.032733] release child resource [mem 0x4fc00000000-0x4ffffffffff 64bit pref]
[    1.032735] release child resource [mem 0x50000000000-0x50001ffffff 64bit pref]
[    1.032736] pci 0000:40:01.1: resource 15 [mem 0x4fc00000000-0x50001ffffff 64bit pref] released
[    1.032740] pci 0000:40:01.1: PCI bridge to [bus 41]
[    1.032761] pci 0000:40:01.1: BAR 15: assigned [mem 0x30200000000-0x307ffffffff 64bit pref]
[    1.032766] pci 0000:40:01.3: BAR 15: assigned [mem 0x30800000000-0x30dffffffff 64bit pref]
[    1.032772] pci 0000:41:00.0: BAR 1: assigned [mem 0x30400000000-0x307ffffffff 64bit pref]
[    1.032781] pci 0000:41:00.0: BAR 9: assigned [mem 0x30200000000-0x3020fffffff 64bit pref]
[    1.032787] pci 0000:41:00.0: BAR 3: assigned [mem 0x30210000000-0x30211ffffff 64bit pref]
[    1.032795] pci 0000:41:00.0: BAR 11: assigned [mem 0x30212000000-0x30213ffffff 64bit pref]
[    1.032801] pci 0000:40:01.1: PCI bridge to [bus 41]
[    1.032804] pci 0000:40:01.1:   bridge window [io  0x5000-0x5fff]
[    1.032809] pci 0000:40:01.1:   bridge window [mem 0xc4000000-0xc80fffff]
[    1.032813] pci 0000:40:01.1:   bridge window [mem 0x30200000000-0x307ffffffff 64bit pref]
[    1.032831] pci 0000:42:00.0: BAR 1: assigned [mem 0x30800000000-0x30bffffffff 64bit pref]
[    1.032840] pci 0000:42:00.0: BAR 9: assigned [mem 0x30c00000000-0x30c0fffffff 64bit pref]
[    1.032845] pci 0000:42:00.0: BAR 3: assigned [mem 0x30c10000000-0x30c11ffffff 64bit pref]
[    1.032854] pci 0000:42:00.0: BAR 11: assigned [mem 0x30c12000000-0x30c13ffffff 64bit pref]
[    1.032860] pci 0000:40:01.3: PCI bridge to [bus 42]
[    1.032863] pci 0000:40:01.3:   bridge window [io  0x4000-0x4fff]
[    1.032868] pci 0000:40:01.3:   bridge window [mem 0xbc000000-0xc00fffff]
[    1.032872] pci 0000:40:01.3:   bridge window [mem 0x30800000000-0x30dffffffff 64bit pref]
[    1.032889] pci 0000:40:07.1: PCI bridge to [bus 43]
[    1.032894] pci 0000:40:07.1:   bridge window [mem 0x50002100000-0x500021fffff 64bit pref]
[    1.032909] pci_bus 0000:40: resource 4 [io  0x4000-0x5fff window]
[    1.032912] pci_bus 0000:40: resource 5 [mem 0xb8000000-0xc99fffff window]
[    1.032916] pci_bus 0000:40: resource 6 [mem 0x30050200000-0x500501fffff window]
[    1.032920] pci_bus 0000:41: resource 0 [io  0x5000-0x5fff]
[    1.032923] pci_bus 0000:41: resource 1 [mem 0xc4000000-0xc80fffff]
[    1.032927] pci_bus 0000:41: resource 2 [mem 0x30200000000-0x307ffffffff 64bit pref]
[    1.032931] pci_bus 0000:42: resource 0 [io  0x4000-0x4fff]
[    1.032934] pci_bus 0000:42: resource 1 [mem 0xbc000000-0xc00fffff]
[    1.032938] pci_bus 0000:42: resource 2 [mem 0x30800000000-0x30dffffffff 64bit pref]
[    1.032942] pci_bus 0000:43: resource 2 [mem 0x50002100000-0x500021fffff 64bit pref]
[    1.032966] pci_bus 0000:00: max bus depth: 1 pci_try_num: 2
[    1.032974] pci 0000:01:00.0: BAR 9: no space for [mem size 0x3000000000 64bit pref]
[    1.032978] pci 0000:01:00.0: BAR 9: failed to assign [mem size 0x3000000000 64bit pref]
[    1.033004] pci 0000:01:00.0: BAR 11: no space for [mem size 0x60000000 64bit pref]
[    1.033009] pci 0000:01:00.0: BAR 11: failed to assign [mem size 0x60000000 64bit pref]
[    1.033014] pci 0000:01:00.0: BAR 7: no space for [mem size 0x00c00000 64bit pref]
[    1.033018] pci 0000:01:00.0: BAR 7: failed to assign [mem size 0x00c00000 64bit pref]
[    1.033023] pci 0000:00:01.1: PCI bridge to [bus 01]
[    1.033029] pci 0000:00:01.1:   bridge window [mem 0x6e000000000-0x70005ffffff 64bit pref]
[    1.033046] pci 0000:00:01.3: PCI bridge to [bus 02]
[    1.033051] pci 0000:00:01.3:   bridge window [mem 0xf8300000-0xf84fffff]
[    1.033058] pci 0000:00:01.3:   bridge window [mem 0x70006800000-0x70006ffffff 64bit pref]
[    1.033075] pci 0000:00:05.1: PCI bridge to [bus 03]
[    1.033080] pci 0000:00:05.1:   bridge window [mem 0xf8500000-0xf85fffff]
[    1.033085] pci 0000:00:05.1:   bridge window [mem 0x70007000000-0x700072fffff 64bit pref]
[    1.033102] pci 0000:00:07.1: PCI bridge to [bus 04]
[    1.033107] pci 0000:00:07.1:   bridge window [mem 0xf8000000-0xf82fffff]
[    1.033111] pci 0000:00:07.1:   bridge window [mem 0x70007300000-0x700073fffff 64bit pref]
[    1.033127] pci_bus 0000:00: No. 2 try to assign unassigned res
[    1.033130] release child resource [mem 0x6e000000000-0x6ffffffffff 64bit pref]
[    1.033131] release child resource [mem 0x70000000000-0x70003ffffff 64bit pref]
[    1.033132] release child resource [mem 0x70004000000-0x70005ffffff 64bit pref]
[    1.033134] pci 0000:00:01.1: resource 15 [mem 0x6e000000000-0x70005ffffff 64bit pref] released
[    1.033138] pci 0000:00:01.1: PCI bridge to [bus 01]
[    1.033164] pci 0000:00:01.1: bridge window [mem 0x1000000000-0x3fffffffff 64bit pref] to [bus 01] add_size 3000000000 add_align 1000000000
[    1.033174] pci 0000:00:01.1: BAR 15: assigned [mem 0x51000000000-0x56fffffffff 64bit pref]
[    1.033180] pci 0000:01:00.0: BAR 2: assigned [mem 0x52000000000-0x53fffffffff 64bit pref]
[    1.033189] pci 0000:01:00.0: BAR 9: assigned [mem 0x54000000000-0x56fffffffff 64bit pref]
[    1.033195] pci 0000:01:00.0: BAR 0: assigned [mem 0x51000000000-0x51003ffffff 64bit pref]
[    1.033203] pci 0000:01:00.0: BAR 4: assigned [mem 0x51004000000-0x51005ffffff 64bit pref]
[    1.033212] pci 0000:01:00.0: BAR 11: assigned [mem 0x51006000000-0x51065ffffff 64bit pref]
[    1.033218] pci 0000:01:00.0: BAR 7: assigned [mem 0x51066000000-0x51066bfffff 64bit pref]
[    1.033224] pci 0000:00:01.1: PCI bridge to [bus 01]
[    1.033230] pci 0000:00:01.1:   bridge window [mem 0x51000000000-0x56fffffffff 64bit pref]
[    1.033247] pci 0000:00:01.3: PCI bridge to [bus 02]
[    1.033252] pci 0000:00:01.3:   bridge window [mem 0xf8300000-0xf84fffff]
[    1.033256] pci 0000:00:01.3:   bridge window [mem 0x70006800000-0x70006ffffff 64bit pref]
[    1.033273] pci 0000:00:05.1: PCI bridge to [bus 03]
[    1.033278] pci 0000:00:05.1:   bridge window [mem 0xf8500000-0xf85fffff]
[    1.033282] pci 0000:00:05.1:   bridge window [mem 0x70007000000-0x700072fffff 64bit pref]
[    1.033300] pci 0000:00:07.1: PCI bridge to [bus 04]
[    1.033304] pci 0000:00:07.1:   bridge window [mem 0xf8000000-0xf82fffff]
[    1.033308] pci 0000:00:07.1:   bridge window [mem 0x70007300000-0x700073fffff 64bit pref]
[    1.033324] pci_bus 0000:00: resource 4 [io  0x0000-0x03af window]
[    1.033328] pci_bus 0000:00: resource 5 [io  0x03e0-0x0cf7 window]
[    1.033331] pci_bus 0000:00: resource 6 [io  0x03b0-0x03df window]
[    1.033334] pci_bus 0000:00: resource 7 [io  0x1000-0x2fff window]
[    1.033338] pci_bus 0000:00: resource 8 [mem 0x000a0000-0x000dffff window]
[    1.033341] pci_bus 0000:00: resource 9 [mem 0xf6000000-0xf85fffff window]
[    1.033345] pci_bus 0000:00: resource 10 [mem 0x50080200000-0x700801fffff window]
[    1.033349] pci_bus 0000:01: resource 2 [mem 0x51000000000-0x56fffffffff 64bit pref]
[    1.033353] pci_bus 0000:02: resource 1 [mem 0xf8300000-0xf84fffff]
[    1.033356] pci_bus 0000:02: resource 2 [mem 0x70006800000-0x70006ffffff 64bit pref]
[    1.033360] pci_bus 0000:03: resource 1 [mem 0xf8500000-0xf85fffff]
[    1.033363] pci_bus 0000:03: resource 2 [mem 0x70007000000-0x700072fffff 64bit pref]
[    1.033368] pci_bus 0000:04: resource 1 [mem 0xf8000000-0xf82fffff]
[    1.033371] pci_bus 0000:04: resource 2 [mem 0x70007300000-0x700073fffff 64bit pref]
[    1.033434] pci 0000:20:07.1: PCI bridge to [bus 21]
[    1.033441] pci 0000:20:07.1:   bridge window [mem 0x900b0100000-0x900b01fffff 64bit pref]
[    1.034319] pci_bus 0000:20: resource 4 [io  0x3000-0x3fff window]
[    1.034324] pci_bus 0000:20: resource 5 [mem 0xf4000000-0xf5ffffff window]
[    1.034327] pci_bus 0000:20: resource 6 [mem 0x700b0200000-0x900b01fffff window]
[    1.034331] pci_bus 0000:21: resource 2 [mem 0x900b0100000-0x900b01fffff 64bit pref]
[    1.034352] pci_bus 0000:e0: max bus depth: 1 pci_try_num: 2
[    1.034359] pci 0000:e1:00.0: BAR 9: no space for [mem size 0x10000000 64bit pref]
[    1.034363] pci 0000:e1:00.0: BAR 9: failed to assign [mem size 0x10000000 64bit pref]
[    1.034368] pci 0000:e1:00.0: BAR 11: no space for [mem size 0x02000000 64bit pref]
[    1.034372] pci 0000:e1:00.0: BAR 11: failed to assign [mem size 0x02000000 64bit pref]
[    1.034377] pci 0000:e1:00.0: BAR 7: assigned [mem 0xb40c0000-0xb40fffff 64bit pref]
[    1.034383] pci 0000:e0:01.1: PCI bridge to [bus e1]
[    1.034387] pci 0000:e0:01.1:   bridge window [io  0xf000-0xffff]
[    1.034392] pci 0000:e0:01.1:   bridge window [mem 0xb0000000-0xb40fffff]
[    1.034397] pci 0000:e0:01.1:   bridge window [mem 0xafc00000000-0xb0001ffffff 64bit pref]
[    1.034658] pci 0000:e2:00.0: BAR 9: no space for [mem size 0x10000000 64bit pref]
[    1.034664] pci 0000:e2:00.0: BAR 9: failed to assign [mem size 0x10000000 64bit pref]
[    1.034669] pci 0000:e2:00.0: BAR 11: no space for [mem size 0x02000000 64bit pref]
[    1.034673] pci 0000:e2:00.0: BAR 11: failed to assign [mem size 0x02000000 64bit pref]
[    1.034677] pci 0000:e2:00.0: BAR 7: assigned [mem 0xac0c0000-0xac0fffff 64bit pref]
[    1.034683] pci 0000:e0:01.3: PCI bridge to [bus e2]
[    1.034687] pci 0000:e0:01.3:   bridge window [io  0xe000-0xefff]
[    1.034692] pci 0000:e0:01.3:   bridge window [mem 0xa8000000-0xac0fffff]
[    1.034696] pci 0000:e0:01.3:   bridge window [mem 0xaf400000000-0xaf801ffffff 64bit pref]
[    1.034714] pci 0000:e0:07.1: PCI bridge to [bus e3]
[    1.034720] pci 0000:e0:07.1:   bridge window [mem 0xb0002100000-0xb00021fffff 64bit pref]
[    1.034736] pci 0000:e0:07.2: PCI bridge to [bus e4]
[    1.034740] pci 0000:e0:07.2:   bridge window [mem 0xb4200000-0xb42fffff]
[    1.034756] pci_bus 0000:e0: No. 2 try to assign unassigned res
[    1.034759] release child resource [mem 0xaf400000000-0xaf7ffffffff 64bit pref]
[    1.034760] release child resource [mem 0xaf800000000-0xaf801ffffff 64bit pref]
[    1.034761] pci 0000:e0:01.3: resource 15 [mem 0xaf400000000-0xaf801ffffff 64bit pref] released
[    1.034765] pci 0000:e0:01.3: PCI bridge to [bus e2]
[    1.034782] release child resource [mem 0xafc00000000-0xaffffffffff 64bit pref]
[    1.034783] release child resource [mem 0xb0000000000-0xb0001ffffff 64bit pref]
[    1.034784] pci 0000:e0:01.1: resource 15 [mem 0xafc00000000-0xb0001ffffff 64bit pref] released
[    1.034788] pci 0000:e0:01.1: PCI bridge to [bus e1]
[    1.034808] pci 0000:e0:01.1: BAR 15: assigned [mem 0x90200000000-0x907ffffffff 64bit pref]
[    1.034814] pci 0000:e0:01.3: BAR 15: assigned [mem 0x90800000000-0x90dffffffff 64bit pref]
[    1.034819] pci 0000:e1:00.0: BAR 1: assigned [mem 0x90400000000-0x907ffffffff 64bit pref]
[    1.034828] pci 0000:e1:00.0: BAR 9: assigned [mem 0x90200000000-0x9020fffffff 64bit pref]
[    1.034834] pci 0000:e1:00.0: BAR 3: assigned [mem 0x90210000000-0x90211ffffff 64bit pref]
[    1.034843] pci 0000:e1:00.0: BAR 11: assigned [mem 0x90212000000-0x90213ffffff 64bit pref]
[    1.034849] pci 0000:e0:01.1: PCI bridge to [bus e1]
[    1.034853] pci 0000:e0:01.1:   bridge window [io  0xf000-0xffff]
[    1.034858] pci 0000:e0:01.1:   bridge window [mem 0xb0000000-0xb40fffff]
[    1.034862] pci 0000:e0:01.1:   bridge window [mem 0x90200000000-0x907ffffffff 64bit pref]
[    1.034880] pci 0000:e2:00.0: BAR 1: assigned [mem 0x90800000000-0x90bffffffff 64bit pref]
[    1.034889] pci 0000:e2:00.0: BAR 9: assigned [mem 0x90c00000000-0x90c0fffffff 64bit pref]
[    1.034895] pci 0000:e2:00.0: BAR 3: assigned [mem 0x90c10000000-0x90c11ffffff 64bit pref]
[    1.034904] pci 0000:e2:00.0: BAR 11: assigned [mem 0x90c12000000-0x90c13ffffff 64bit pref]
[    1.034910] pci 0000:e0:01.3: PCI bridge to [bus e2]
[    1.034913] pci 0000:e0:01.3:   bridge window [io  0xe000-0xefff]
[    1.034918] pci 0000:e0:01.3:   bridge window [mem 0xa8000000-0xac0fffff]
[    1.034923] pci 0000:e0:01.3:   bridge window [mem 0x90800000000-0x90dffffffff 64bit pref]
[    1.034939] pci 0000:e0:07.1: PCI bridge to [bus e3]
[    1.034945] pci 0000:e0:07.1:   bridge window [mem 0xb0002100000-0xb00021fffff 64bit pref]
[    1.034961] pci 0000:e0:07.2: PCI bridge to [bus e4]
[    1.034965] pci 0000:e0:07.2:   bridge window [mem 0xb4200000-0xb42fffff]
[    1.034982] pci_bus 0000:e0: resource 4 [io  0xe000-0xffff window]
[    1.034985] pci_bus 0000:e0: resource 5 [mem 0xa4000000-0xb5ffffff window]
[    1.034988] pci_bus 0000:e0: resource 6 [mem 0x900e0200000-0xb00e01fffff window]
[    1.034992] pci_bus 0000:e1: resource 0 [io  0xf000-0xffff]
[    1.034995] pci_bus 0000:e1: resource 1 [mem 0xb0000000-0xb40fffff]
[    1.034998] pci_bus 0000:e1: resource 2 [mem 0x90200000000-0x907ffffffff 64bit pref]
[    1.035002] pci_bus 0000:e2: resource 0 [io  0xe000-0xefff]
[    1.035005] pci_bus 0000:e2: resource 1 [mem 0xa8000000-0xac0fffff]
[    1.035008] pci_bus 0000:e2: resource 2 [mem 0x90800000000-0x90dffffffff 64bit pref]
[    1.035012] pci_bus 0000:e3: resource 2 [mem 0xb0002100000-0xb00021fffff 64bit pref]
[    1.035016] pci_bus 0000:e4: resource 1 [mem 0xb4200000-0xb42fffff]
[    1.035063] pci 0000:c0:07.1: PCI bridge to [bus c1]
[    1.035069] pci 0000:c0:07.1:   bridge window [mem 0xd0110100000-0xd01101fffff 64bit pref]
[    1.035085] pci_bus 0000:c0: resource 4 [io  0xc000-0xdfff window]
[    1.035088] pci_bus 0000:c0: resource 5 [mem 0xf0000000-0xf1ffffff window]
[    1.035091] pci_bus 0000:c0: resource 6 [mem 0xb0110200000-0xd01101fffff window]
[    1.035095] pci_bus 0000:c1: resource 2 [mem 0xd0110100000-0xd01101fffff 64bit pref]
[    1.035116] pci_bus 0000:80: max bus depth: 1 pci_try_num: 2
[    1.035122] pci 0000:81:00.0: BAR 9: no space for [mem size 0x10000000 64bit pref]
[    1.035126] pci 0000:81:00.0: BAR 9: failed to assign [mem size 0x10000000 64bit pref]
[    1.035131] pci 0000:81:00.0: BAR 11: no space for [mem size 0x02000000 64bit pref]
[    1.035135] pci 0000:81:00.0: BAR 11: failed to assign [mem size 0x02000000 64bit pref]
